mode: set
github.com/NailUsmanov/gophkeeper/cmd/client/main.go:17.13,18.79 1 0
github.com/NailUsmanov/gophkeeper/cmd/client/main.go:18.79,20.3 1 0
github.com/NailUsmanov/gophkeeper/cmd/server/main.go:26.13,30.12 2 0
github.com/NailUsmanov/gophkeeper/cmd/server/main.go:30.12,33.3 2 0
github.com/NailUsmanov/gophkeeper/cmd/server/main.go:36.2,37.16 2 0
github.com/NailUsmanov/gophkeeper/cmd/server/main.go:37.16,38.13 1 0
github.com/NailUsmanov/gophkeeper/cmd/server/main.go:40.2,45.16 4 0
github.com/NailUsmanov/gophkeeper/cmd/server/main.go:45.16,47.3 1 0
github.com/NailUsmanov/gophkeeper/cmd/server/main.go:50.2,54.16 4 0
github.com/NailUsmanov/gophkeeper/cmd/server/main.go:54.16,56.3 1 0
github.com/NailUsmanov/gophkeeper/cmd/server/main.go:57.2,59.39 2 0
github.com/NailUsmanov/gophkeeper/cmd/server/main.go:59.39,61.3 1 0
github.com/NailUsmanov/gophkeeper/cmd/server/main.go:64.2,69.64 4 0
github.com/NailUsmanov/gophkeeper/cmd/server/main.go:69.64,71.3 1 0
github.com/NailUsmanov/gophkeeper/internal/client/commands/root.go:30.62,47.68 2 1
github.com/NailUsmanov/gophkeeper/internal/client/commands/root.go:47.68,48.23 1 1
github.com/NailUsmanov/gophkeeper/internal/client/commands/root.go:48.23,49.49 1 0
github.com/NailUsmanov/gophkeeper/internal/client/commands/root.go:49.49,51.6 1 0
github.com/NailUsmanov/gophkeeper/internal/client/commands/root.go:53.4,53.23 1 1
github.com/NailUsmanov/gophkeeper/internal/client/commands/root.go:53.23,55.5 1 0
github.com/NailUsmanov/gophkeeper/internal/client/commands/root.go:56.4,56.14 1 1
github.com/NailUsmanov/gophkeeper/internal/client/commands/root.go:61.2,74.12 8 1
github.com/NailUsmanov/gophkeeper/internal/client/commands/root.go:78.50,80.2 1 1
github.com/NailUsmanov/gophkeeper/internal/client/commands/root.go:83.37,88.55 1 1
github.com/NailUsmanov/gophkeeper/internal/client/commands/root.go:88.55,91.4 2 1
github.com/NailUsmanov/gophkeeper/internal/client/commands/attachment/attachment.go:7.40,18.2 5 1
github.com/NailUsmanov/gophkeeper/internal/client/commands/attachment/download.go:18.45,25.55 2 1
github.com/NailUsmanov/gophkeeper/internal/client/commands/attachment/download.go:25.55,29.4 2 1
github.com/NailUsmanov/gophkeeper/internal/client/commands/attachment/download.go:31.2,34.13 3 1
github.com/NailUsmanov/gophkeeper/internal/client/commands/attachment/download.go:37.82,39.42 1 1
github.com/NailUsmanov/gophkeeper/internal/client/commands/attachment/download.go:39.42,41.3 1 1
github.com/NailUsmanov/gophkeeper/internal/client/commands/attachment/download.go:44.2,45.16 2 1
github.com/NailUsmanov/gophkeeper/internal/client/commands/attachment/download.go:45.16,47.3 1 0
github.com/NailUsmanov/gophkeeper/internal/client/commands/attachment/download.go:48.2,48.21 1 1
github.com/NailUsmanov/gophkeeper/internal/client/commands/attachment/download.go:48.21,50.3 1 0
github.com/NailUsmanov/gophkeeper/internal/client/commands/attachment/download.go:53.2,54.16 2 1
github.com/NailUsmanov/gophkeeper/internal/client/commands/attachment/download.go:54.16,56.3 1 0
github.com/NailUsmanov/gophkeeper/internal/client/commands/attachment/download.go:57.2,57.17 1 1
github.com/NailUsmanov/gophkeeper/internal/client/commands/attachment/download.go:57.17,59.3 1 0
github.com/NailUsmanov/gophkeeper/internal/client/commands/attachment/download.go:62.2,63.16 2 1
github.com/NailUsmanov/gophkeeper/internal/client/commands/attachment/download.go:63.16,65.3 1 0
github.com/NailUsmanov/gophkeeper/internal/client/commands/attachment/download.go:66.2,73.65 4 1
github.com/NailUsmanov/gophkeeper/internal/client/commands/attachment/download.go:73.65,75.3 1 0
github.com/NailUsmanov/gophkeeper/internal/client/commands/attachment/download.go:76.2,77.12 2 1
github.com/NailUsmanov/gophkeeper/internal/client/commands/attachment/list.go:19.42,31.55 2 1
github.com/NailUsmanov/gophkeeper/internal/client/commands/attachment/list.go:31.55,34.4 2 1
github.com/NailUsmanov/gophkeeper/internal/client/commands/attachment/list.go:36.2,40.13 5 1
github.com/NailUsmanov/gophkeeper/internal/client/commands/attachment/list.go:43.86,45.20 1 1
github.com/NailUsmanov/gophkeeper/internal/client/commands/attachment/list.go:45.20,46.49 1 1
github.com/NailUsmanov/gophkeeper/internal/client/commands/attachment/list.go:46.49,48.4 1 1
github.com/NailUsmanov/gophkeeper/internal/client/commands/attachment/list.go:50.2,50.15 1 1
github.com/NailUsmanov/gophkeeper/internal/client/commands/attachment/list.go:50.15,52.3 1 0
github.com/NailUsmanov/gophkeeper/internal/client/commands/attachment/list.go:53.2,53.16 1 1
github.com/NailUsmanov/gophkeeper/internal/client/commands/attachment/list.go:53.16,55.3 1 0
github.com/NailUsmanov/gophkeeper/internal/client/commands/attachment/list.go:57.2,58.16 2 1
github.com/NailUsmanov/gophkeeper/internal/client/commands/attachment/list.go:58.16,60.3 1 0
github.com/NailUsmanov/gophkeeper/internal/client/commands/attachment/list.go:61.2,61.21 1 1
github.com/NailUsmanov/gophkeeper/internal/client/commands/attachment/list.go:61.21,63.3 1 0
github.com/NailUsmanov/gophkeeper/internal/client/commands/attachment/list.go:66.2,67.16 2 1
github.com/NailUsmanov/gophkeeper/internal/client/commands/attachment/list.go:67.16,69.3 1 0
github.com/NailUsmanov/gophkeeper/internal/client/commands/attachment/list.go:70.2,70.17 1 1
github.com/NailUsmanov/gophkeeper/internal/client/commands/attachment/list.go:70.17,72.3 1 0
github.com/NailUsmanov/gophkeeper/internal/client/commands/attachment/list.go:75.2,76.16 2 1
github.com/NailUsmanov/gophkeeper/internal/client/commands/attachment/list.go:76.16,78.3 1 0
github.com/NailUsmanov/gophkeeper/internal/client/commands/attachment/list.go:79.2,87.16 5 1
github.com/NailUsmanov/gophkeeper/internal/client/commands/attachment/list.go:87.16,89.3 1 0
github.com/NailUsmanov/gophkeeper/internal/client/commands/attachment/list.go:90.2,90.16 1 1
github.com/NailUsmanov/gophkeeper/internal/client/commands/attachment/list.go:90.16,93.3 2 0
github.com/NailUsmanov/gophkeeper/internal/client/commands/attachment/list.go:96.2,106.12 4 1
github.com/NailUsmanov/gophkeeper/internal/client/commands/attachment/upload.go:21.43,28.55 2 1
github.com/NailUsmanov/gophkeeper/internal/client/commands/attachment/upload.go:28.55,30.50 1 1
github.com/NailUsmanov/gophkeeper/internal/client/commands/attachment/upload.go:30.50,32.5 1 1
github.com/NailUsmanov/gophkeeper/internal/client/commands/attachment/upload.go:35.4,35.22 1 1
github.com/NailUsmanov/gophkeeper/internal/client/commands/attachment/upload.go:35.22,37.5 1 0
github.com/NailUsmanov/gophkeeper/internal/client/commands/attachment/upload.go:38.4,39.18 2 1
github.com/NailUsmanov/gophkeeper/internal/client/commands/attachment/upload.go:39.18,41.5 1 0
github.com/NailUsmanov/gophkeeper/internal/client/commands/attachment/upload.go:42.4,43.18 2 1
github.com/NailUsmanov/gophkeeper/internal/client/commands/attachment/upload.go:43.18,45.5 1 0
github.com/NailUsmanov/gophkeeper/internal/client/commands/attachment/upload.go:46.4,46.18 1 1
github.com/NailUsmanov/gophkeeper/internal/client/commands/attachment/upload.go:46.18,48.5 1 0
github.com/NailUsmanov/gophkeeper/internal/client/commands/attachment/upload.go:51.4,52.18 2 1
github.com/NailUsmanov/gophkeeper/internal/client/commands/attachment/upload.go:52.18,54.5 1 0
github.com/NailUsmanov/gophkeeper/internal/client/commands/attachment/upload.go:57.4,58.18 2 1
github.com/NailUsmanov/gophkeeper/internal/client/commands/attachment/upload.go:58.18,60.5 1 0
github.com/NailUsmanov/gophkeeper/internal/client/commands/attachment/upload.go:61.4,61.19 1 1
github.com/NailUsmanov/gophkeeper/internal/client/commands/attachment/upload.go:61.19,63.5 1 0
github.com/NailUsmanov/gophkeeper/internal/client/commands/attachment/upload.go:66.4,67.18 2 1
github.com/NailUsmanov/gophkeeper/internal/client/commands/attachment/upload.go:67.18,69.5 1 0
github.com/NailUsmanov/gophkeeper/internal/client/commands/attachment/upload.go:70.4,78.18 5 1
github.com/NailUsmanov/gophkeeper/internal/client/commands/attachment/upload.go:78.18,80.5 1 0
github.com/NailUsmanov/gophkeeper/internal/client/commands/attachment/upload.go:83.4,85.14 3 1
github.com/NailUsmanov/gophkeeper/internal/client/commands/attachment/upload.go:90.2,95.13 5 1
github.com/NailUsmanov/gophkeeper/internal/client/commands/auth/login.go:18.35,30.55 2 1
github.com/NailUsmanov/gophkeeper/internal/client/commands/auth/login.go:30.55,33.18 2 1
github.com/NailUsmanov/gophkeeper/internal/client/commands/auth/login.go:33.18,35.5 1 0
github.com/NailUsmanov/gophkeeper/internal/client/commands/auth/login.go:36.4,36.23 1 1
github.com/NailUsmanov/gophkeeper/internal/client/commands/auth/login.go:36.23,38.5 1 0
github.com/NailUsmanov/gophkeeper/internal/client/commands/auth/login.go:41.4,42.19 2 1
github.com/NailUsmanov/gophkeeper/internal/client/commands/auth/login.go:42.19,44.5 1 1
github.com/NailUsmanov/gophkeeper/internal/client/commands/auth/login.go:47.4,47.22 1 1
github.com/NailUsmanov/gophkeeper/internal/client/commands/auth/login.go:47.22,50.29 2 0
github.com/NailUsmanov/gophkeeper/internal/client/commands/auth/login.go:50.29,52.6 1 0
github.com/NailUsmanov/gophkeeper/internal/client/commands/auth/login.go:53.5,57.19 4 0
github.com/NailUsmanov/gophkeeper/internal/client/commands/auth/login.go:57.19,59.6 1 0
github.com/NailUsmanov/gophkeeper/internal/client/commands/auth/login.go:60.5,60.25 1 0
github.com/NailUsmanov/gophkeeper/internal/client/commands/auth/login.go:64.4,65.18 2 1
github.com/NailUsmanov/gophkeeper/internal/client/commands/auth/login.go:65.18,67.5 1 0
github.com/NailUsmanov/gophkeeper/internal/client/commands/auth/login.go:70.4,75.18 4 1
github.com/NailUsmanov/gophkeeper/internal/client/commands/auth/login.go:75.18,77.5 1 0
github.com/NailUsmanov/gophkeeper/internal/client/commands/auth/login.go:79.4,79.43 1 1
github.com/NailUsmanov/gophkeeper/internal/client/commands/auth/login.go:79.43,81.5 1 0
github.com/NailUsmanov/gophkeeper/internal/client/commands/auth/login.go:84.4,85.14 2 1
github.com/NailUsmanov/gophkeeper/internal/client/commands/auth/login.go:90.2,93.12 3 1
github.com/NailUsmanov/gophkeeper/internal/client/commands/auth/logout.go:16.36,22.55 1 1
github.com/NailUsmanov/gophkeeper/internal/client/commands/auth/logout.go:22.55,25.18 2 1
github.com/NailUsmanov/gophkeeper/internal/client/commands/auth/logout.go:25.18,27.5 1 0
github.com/NailUsmanov/gophkeeper/internal/client/commands/auth/logout.go:28.4,28.23 1 1
github.com/NailUsmanov/gophkeeper/internal/client/commands/auth/logout.go:28.23,30.5 1 1
github.com/NailUsmanov/gophkeeper/internal/client/commands/auth/logout.go:33.4,34.52 2 1
github.com/NailUsmanov/gophkeeper/internal/client/commands/auth/logout.go:34.52,36.5 1 1
github.com/NailUsmanov/gophkeeper/internal/client/commands/auth/logout.go:39.4,40.18 2 1
github.com/NailUsmanov/gophkeeper/internal/client/commands/auth/logout.go:40.18,42.5 1 0
github.com/NailUsmanov/gophkeeper/internal/client/commands/auth/logout.go:45.4,49.48 3 1
github.com/NailUsmanov/gophkeeper/internal/client/commands/auth/logout.go:49.48,51.5 1 1
github.com/NailUsmanov/gophkeeper/internal/client/commands/auth/logout.go:54.4,54.41 1 1
github.com/NailUsmanov/gophkeeper/internal/client/commands/auth/logout.go:54.41,56.5 1 0
github.com/NailUsmanov/gophkeeper/internal/client/commands/auth/logout.go:58.4,59.14 2 1
github.com/NailUsmanov/gophkeeper/internal/client/commands/auth/logout.go:62.2,62.12 1 1
github.com/NailUsmanov/gophkeeper/internal/client/commands/auth/register.go:18.38,27.55 2 1
github.com/NailUsmanov/gophkeeper/internal/client/commands/auth/register.go:27.55,30.18 2 0
github.com/NailUsmanov/gophkeeper/internal/client/commands/auth/register.go:30.18,32.5 1 0
github.com/NailUsmanov/gophkeeper/internal/client/commands/auth/register.go:33.4,33.23 1 0
github.com/NailUsmanov/gophkeeper/internal/client/commands/auth/register.go:33.23,35.5 1 0
github.com/NailUsmanov/gophkeeper/internal/client/commands/auth/register.go:38.4,39.19 2 0
github.com/NailUsmanov/gophkeeper/internal/client/commands/auth/register.go:39.19,41.5 1 0
github.com/NailUsmanov/gophkeeper/internal/client/commands/auth/register.go:44.4,44.22 1 0
github.com/NailUsmanov/gophkeeper/internal/client/commands/auth/register.go:44.22,47.29 2 0
github.com/NailUsmanov/gophkeeper/internal/client/commands/auth/register.go:47.29,49.6 1 0
github.com/NailUsmanov/gophkeeper/internal/client/commands/auth/register.go:50.5,55.19 4 0
github.com/NailUsmanov/gophkeeper/internal/client/commands/auth/register.go:55.19,57.6 1 0
github.com/NailUsmanov/gophkeeper/internal/client/commands/auth/register.go:58.5,58.25 1 0
github.com/NailUsmanov/gophkeeper/internal/client/commands/auth/register.go:62.4,63.18 2 0
github.com/NailUsmanov/gophkeeper/internal/client/commands/auth/register.go:63.18,65.5 1 0
github.com/NailUsmanov/gophkeeper/internal/client/commands/auth/register.go:68.4,73.18 4 0
github.com/NailUsmanov/gophkeeper/internal/client/commands/auth/register.go:73.18,75.5 1 0
github.com/NailUsmanov/gophkeeper/internal/client/commands/auth/register.go:78.4,78.43 1 0
github.com/NailUsmanov/gophkeeper/internal/client/commands/auth/register.go:78.43,80.5 1 0
github.com/NailUsmanov/gophkeeper/internal/client/commands/auth/register.go:83.4,84.14 2 0
github.com/NailUsmanov/gophkeeper/internal/client/commands/auth/register.go:88.2,94.13 4 1
github.com/NailUsmanov/gophkeeper/internal/client/session/session.go:22.32,24.16 2 1
github.com/NailUsmanov/gophkeeper/internal/client/session/session.go:24.16,26.3 1 0
github.com/NailUsmanov/gophkeeper/internal/client/session/session.go:27.2,27.18 1 1
github.com/NailUsmanov/gophkeeper/internal/client/session/session.go:31.29,33.16 2 1
github.com/NailUsmanov/gophkeeper/internal/client/session/session.go:33.16,35.3 1 0
github.com/NailUsmanov/gophkeeper/internal/client/session/session.go:36.2,36.42 1 1
github.com/NailUsmanov/gophkeeper/internal/client/session/session.go:40.36,41.17 1 1
github.com/NailUsmanov/gophkeeper/internal/client/session/session.go:41.17,43.3 1 1
github.com/NailUsmanov/gophkeeper/internal/client/session/session.go:44.2,45.16 2 1
github.com/NailUsmanov/gophkeeper/internal/client/session/session.go:45.16,47.3 1 0
github.com/NailUsmanov/gophkeeper/internal/client/session/session.go:48.2,48.48 1 1
github.com/NailUsmanov/gophkeeper/internal/client/session/session.go:48.48,50.3 1 0
github.com/NailUsmanov/gophkeeper/internal/client/session/session.go:51.2,55.16 4 1
github.com/NailUsmanov/gophkeeper/internal/client/session/session.go:55.16,57.3 1 0
github.com/NailUsmanov/gophkeeper/internal/client/session/session.go:59.2,60.52 2 1
github.com/NailUsmanov/gophkeeper/internal/client/session/session.go:60.52,62.3 1 0
github.com/NailUsmanov/gophkeeper/internal/client/session/session.go:64.2,64.42 1 1
github.com/NailUsmanov/gophkeeper/internal/client/session/session.go:64.42,67.3 2 0
github.com/NailUsmanov/gophkeeper/internal/client/session/session.go:68.2,68.12 1 1
github.com/NailUsmanov/gophkeeper/internal/client/session/session.go:72.34,74.16 2 1
github.com/NailUsmanov/gophkeeper/internal/client/session/session.go:74.16,76.3 1 0
github.com/NailUsmanov/gophkeeper/internal/client/session/session.go:77.2,78.16 2 1
github.com/NailUsmanov/gophkeeper/internal/client/session/session.go:78.16,79.25 1 1
github.com/NailUsmanov/gophkeeper/internal/client/session/session.go:79.25,81.4 1 1
github.com/NailUsmanov/gophkeeper/internal/client/session/session.go:82.3,82.41 1 0
github.com/NailUsmanov/gophkeeper/internal/client/session/session.go:84.2,85.47 2 1
github.com/NailUsmanov/gophkeeper/internal/client/session/session.go:85.47,87.3 1 1
github.com/NailUsmanov/gophkeeper/internal/client/session/session.go:88.2,88.26 1 1
github.com/NailUsmanov/gophkeeper/internal/client/session/session.go:92.20,94.16 2 1
github.com/NailUsmanov/gophkeeper/internal/client/session/session.go:94.16,96.3 1 0
github.com/NailUsmanov/gophkeeper/internal/client/session/session.go:97.2,97.60 1 1
github.com/NailUsmanov/gophkeeper/internal/client/session/session.go:97.60,99.3 1 0
github.com/NailUsmanov/gophkeeper/internal/client/session/session.go:100.2,100.12 1 1
github.com/NailUsmanov/gophkeeper/internal/client/commands/secret/create.go:18.39,27.55 2 1
github.com/NailUsmanov/gophkeeper/internal/client/commands/secret/create.go:27.55,30.18 2 1
github.com/NailUsmanov/gophkeeper/internal/client/commands/secret/create.go:30.18,32.5 1 0
github.com/NailUsmanov/gophkeeper/internal/client/commands/secret/create.go:33.4,33.23 1 1
github.com/NailUsmanov/gophkeeper/internal/client/commands/secret/create.go:33.23,35.5 1 0
github.com/NailUsmanov/gophkeeper/internal/client/commands/secret/create.go:38.4,39.18 2 1
github.com/NailUsmanov/gophkeeper/internal/client/commands/secret/create.go:39.18,41.5 1 0
github.com/NailUsmanov/gophkeeper/internal/client/commands/secret/create.go:42.4,42.19 1 1
github.com/NailUsmanov/gophkeeper/internal/client/commands/secret/create.go:42.19,44.5 1 0
github.com/NailUsmanov/gophkeeper/internal/client/commands/secret/create.go:47.4,48.18 2 1
github.com/NailUsmanov/gophkeeper/internal/client/commands/secret/create.go:48.18,50.5 1 0
github.com/NailUsmanov/gophkeeper/internal/client/commands/secret/create.go:51.4,55.65 3 1
github.com/NailUsmanov/gophkeeper/internal/client/commands/secret/create.go:55.65,57.5 1 0
github.com/NailUsmanov/gophkeeper/internal/client/commands/secret/create.go:60.4,72.18 5 1
github.com/NailUsmanov/gophkeeper/internal/client/commands/secret/create.go:72.18,74.5 1 0
github.com/NailUsmanov/gophkeeper/internal/client/commands/secret/create.go:77.4,79.14 3 1
github.com/NailUsmanov/gophkeeper/internal/client/commands/secret/create.go:85.2,86.62 2 1
github.com/NailUsmanov/gophkeeper/internal/client/commands/secret/create.go:86.62,87.14 1 1
github.com/NailUsmanov/gophkeeper/internal/client/commands/secret/create.go:88.43,89.14 1 1
github.com/NailUsmanov/gophkeeper/internal/client/commands/secret/create.go:90.11,91.71 1 1
github.com/NailUsmanov/gophkeeper/internal/client/commands/secret/create.go:94.2,97.13 4 1
github.com/NailUsmanov/gophkeeper/internal/client/commands/secret/get.go:19.36,25.55 1 1
github.com/NailUsmanov/gophkeeper/internal/client/commands/secret/get.go:25.55,28.44 2 1
github.com/NailUsmanov/gophkeeper/internal/client/commands/secret/get.go:28.44,30.5 1 1
github.com/NailUsmanov/gophkeeper/internal/client/commands/secret/get.go:32.4,33.18 2 1
github.com/NailUsmanov/gophkeeper/internal/client/commands/secret/get.go:33.18,35.5 1 0
github.com/NailUsmanov/gophkeeper/internal/client/commands/secret/get.go:36.4,36.23 1 1
github.com/NailUsmanov/gophkeeper/internal/client/commands/secret/get.go:36.23,38.5 1 0
github.com/NailUsmanov/gophkeeper/internal/client/commands/secret/get.go:41.4,42.18 2 1
github.com/NailUsmanov/gophkeeper/internal/client/commands/secret/get.go:42.18,44.5 1 0
github.com/NailUsmanov/gophkeeper/internal/client/commands/secret/get.go:45.4,45.19 1 1
github.com/NailUsmanov/gophkeeper/internal/client/commands/secret/get.go:45.19,47.5 1 0
github.com/NailUsmanov/gophkeeper/internal/client/commands/secret/get.go:50.4,51.18 2 1
github.com/NailUsmanov/gophkeeper/internal/client/commands/secret/get.go:51.18,53.5 1 0
github.com/NailUsmanov/gophkeeper/internal/client/commands/secret/get.go:54.4,62.18 5 1
github.com/NailUsmanov/gophkeeper/internal/client/commands/secret/get.go:62.18,64.5 1 0
github.com/NailUsmanov/gophkeeper/internal/client/commands/secret/get.go:67.4,69.14 3 1
github.com/NailUsmanov/gophkeeper/internal/client/commands/secret/get.go:73.2,73.13 1 1
github.com/NailUsmanov/gophkeeper/internal/client/commands/secret/list.go:18.38,28.55 4 1
github.com/NailUsmanov/gophkeeper/internal/client/commands/secret/list.go:28.55,31.18 2 1
github.com/NailUsmanov/gophkeeper/internal/client/commands/secret/list.go:31.18,33.5 1 0
github.com/NailUsmanov/gophkeeper/internal/client/commands/secret/list.go:34.4,34.23 1 1
github.com/NailUsmanov/gophkeeper/internal/client/commands/secret/list.go:34.23,36.5 1 0
github.com/NailUsmanov/gophkeeper/internal/client/commands/secret/list.go:39.4,40.18 2 1
github.com/NailUsmanov/gophkeeper/internal/client/commands/secret/list.go:40.18,42.5 1 0
github.com/NailUsmanov/gophkeeper/internal/client/commands/secret/list.go:43.4,43.19 1 1
github.com/NailUsmanov/gophkeeper/internal/client/commands/secret/list.go:43.19,45.5 1 0
github.com/NailUsmanov/gophkeeper/internal/client/commands/secret/list.go:48.4,48.15 1 1
github.com/NailUsmanov/gophkeeper/internal/client/commands/secret/list.go:49.48,49.48 0 1
github.com/NailUsmanov/gophkeeper/internal/client/commands/secret/list.go:50.12,51.72 1 1
github.com/NailUsmanov/gophkeeper/internal/client/commands/secret/list.go:54.4,55.18 2 1
github.com/NailUsmanov/gophkeeper/internal/client/commands/secret/list.go:55.18,57.5 1 0
github.com/NailUsmanov/gophkeeper/internal/client/commands/secret/list.go:58.4,62.29 3 1
github.com/NailUsmanov/gophkeeper/internal/client/commands/secret/list.go:62.29,64.19 2 0
github.com/NailUsmanov/gophkeeper/internal/client/commands/secret/list.go:64.19,66.6 1 0
github.com/NailUsmanov/gophkeeper/internal/client/commands/secret/list.go:70.4,75.18 4 1
github.com/NailUsmanov/gophkeeper/internal/client/commands/secret/list.go:75.18,77.5 1 0
github.com/NailUsmanov/gophkeeper/internal/client/commands/secret/list.go:78.4,78.18 1 1
github.com/NailUsmanov/gophkeeper/internal/client/commands/secret/list.go:78.18,81.5 2 0
github.com/NailUsmanov/gophkeeper/internal/client/commands/secret/list.go:82.4,91.14 4 1
github.com/NailUsmanov/gophkeeper/internal/client/commands/secret/list.go:95.2,99.13 5 1
github.com/NailUsmanov/gophkeeper/internal/client/commands/secret/secret.go:7.36,20.2 6 1
github.com/NailUsmanov/gophkeeper/internal/client/commands/secret/update.go:20.39,29.55 3 1
github.com/NailUsmanov/gophkeeper/internal/client/commands/secret/update.go:29.55,32.44 2 1
github.com/NailUsmanov/gophkeeper/internal/client/commands/secret/update.go:32.44,34.5 1 0
github.com/NailUsmanov/gophkeeper/internal/client/commands/secret/update.go:37.4,38.18 2 1
github.com/NailUsmanov/gophkeeper/internal/client/commands/secret/update.go:38.18,40.5 1 0
github.com/NailUsmanov/gophkeeper/internal/client/commands/secret/update.go:41.4,41.23 1 1
github.com/NailUsmanov/gophkeeper/internal/client/commands/secret/update.go:41.23,43.5 1 0
github.com/NailUsmanov/gophkeeper/internal/client/commands/secret/update.go:46.4,47.18 2 1
github.com/NailUsmanov/gophkeeper/internal/client/commands/secret/update.go:47.18,49.5 1 0
github.com/NailUsmanov/gophkeeper/internal/client/commands/secret/update.go:50.4,50.19 1 1
github.com/NailUsmanov/gophkeeper/internal/client/commands/secret/update.go:50.19,52.5 1 0
github.com/NailUsmanov/gophkeeper/internal/client/commands/secret/update.go:55.4,55.20 1 1
github.com/NailUsmanov/gophkeeper/internal/client/commands/secret/update.go:55.20,57.5 1 0
github.com/NailUsmanov/gophkeeper/internal/client/commands/secret/update.go:60.4,61.22 2 1
github.com/NailUsmanov/gophkeeper/internal/client/commands/secret/update.go:61.22,62.67 1 1
github.com/NailUsmanov/gophkeeper/internal/client/commands/secret/update.go:62.67,64.6 1 0
github.com/NailUsmanov/gophkeeper/internal/client/commands/secret/update.go:68.4,71.19 2 1
github.com/NailUsmanov/gophkeeper/internal/client/commands/secret/update.go:71.19,73.5 1 1
github.com/NailUsmanov/gophkeeper/internal/client/commands/secret/update.go:74.4,74.19 1 1
github.com/NailUsmanov/gophkeeper/internal/client/commands/secret/update.go:74.19,76.5 1 1
github.com/NailUsmanov/gophkeeper/internal/client/commands/secret/update.go:79.4,80.18 2 1
github.com/NailUsmanov/gophkeeper/internal/client/commands/secret/update.go:80.18,82.5 1 0
github.com/NailUsmanov/gophkeeper/internal/client/commands/secret/update.go:83.4,91.18 5 1
github.com/NailUsmanov/gophkeeper/internal/client/commands/secret/update.go:91.18,93.5 1 0
github.com/NailUsmanov/gophkeeper/internal/client/commands/secret/update.go:96.4,98.14 3 1
github.com/NailUsmanov/gophkeeper/internal/client/commands/secret/update.go:102.2,108.13 5 1
github.com/NailUsmanov/gophkeeper/internal/security/password/bccrypt_hasher.go:21.46,23.2 1 1
github.com/NailUsmanov/gophkeeper/internal/security/password/bccrypt_hasher.go:29.62,32.16 2 1
github.com/NailUsmanov/gophkeeper/internal/security/password/bccrypt_hasher.go:32.16,34.3 1 0
github.com/NailUsmanov/gophkeeper/internal/security/password/bccrypt_hasher.go:35.2,35.23 1 1
github.com/NailUsmanov/gophkeeper/internal/security/password/bccrypt_hasher.go:41.61,43.2 1 1
github.com/NailUsmanov/gophkeeper/internal/client/transport/api.go:20.52,21.93 1 1
github.com/NailUsmanov/gophkeeper/internal/client/transport/api.go:21.93,23.3 1 0
github.com/NailUsmanov/gophkeeper/internal/client/transport/api.go:24.2,25.16 2 1
github.com/NailUsmanov/gophkeeper/internal/client/transport/api.go:25.16,27.3 1 0
github.com/NailUsmanov/gophkeeper/internal/client/transport/api.go:28.2,33.8 1 1
github.com/NailUsmanov/gophkeeper/internal/client/transport/api.go:37.39,39.2 1 1
github.com/NailUsmanov/gophkeeper/internal/client/transport/api.go:42.64,44.19 1 1
github.com/NailUsmanov/gophkeeper/internal/client/transport/api.go:44.19,46.3 1 1
github.com/NailUsmanov/gophkeeper/internal/client/transport/api.go:48.2,48.36 1 1
github.com/NailUsmanov/gophkeeper/internal/client/transport/api.go:48.36,50.3 1 1
github.com/NailUsmanov/gophkeeper/internal/client/transport/api.go:51.2,51.23 1 1
github.com/NailUsmanov/gophkeeper/internal/client/transport/attachment_api.go:44.115,50.16 3 1
github.com/NailUsmanov/gophkeeper/internal/client/transport/attachment_api.go:50.16,52.3 1 0
github.com/NailUsmanov/gophkeeper/internal/client/transport/attachment_api.go:53.2,67.12 4 1
github.com/NailUsmanov/gophkeeper/internal/client/transport/attachment_api.go:67.12,68.16 1 1
github.com/NailUsmanov/gophkeeper/internal/client/transport/attachment_api.go:68.16,71.4 2 1
github.com/NailUsmanov/gophkeeper/internal/client/transport/attachment_api.go:74.3,74.62 1 1
github.com/NailUsmanov/gophkeeper/internal/client/transport/attachment_api.go:74.62,77.4 2 0
github.com/NailUsmanov/gophkeeper/internal/client/transport/attachment_api.go:80.3,82.17 3 1
github.com/NailUsmanov/gophkeeper/internal/client/transport/attachment_api.go:82.17,85.4 2 0
github.com/NailUsmanov/gophkeeper/internal/client/transport/attachment_api.go:88.3,88.49 1 1
github.com/NailUsmanov/gophkeeper/internal/client/transport/attachment_api.go:88.49,91.4 2 0
github.com/NailUsmanov/gophkeeper/internal/client/transport/attachment_api.go:95.2,96.16 2 1
github.com/NailUsmanov/gophkeeper/internal/client/transport/attachment_api.go:96.16,98.3 1 0
github.com/NailUsmanov/gophkeeper/internal/client/transport/attachment_api.go:99.2,103.16 3 1
github.com/NailUsmanov/gophkeeper/internal/client/transport/attachment_api.go:103.16,105.3 1 0
github.com/NailUsmanov/gophkeeper/internal/client/transport/attachment_api.go:106.2,109.25 2 1
github.com/NailUsmanov/gophkeeper/internal/client/transport/attachment_api.go:110.26,110.26 0 1
github.com/NailUsmanov/gophkeeper/internal/client/transport/attachment_api.go:111.31,112.64 1 0
github.com/NailUsmanov/gophkeeper/internal/client/transport/attachment_api.go:113.29,114.48 1 0
github.com/NailUsmanov/gophkeeper/internal/client/transport/attachment_api.go:115.38,116.52 1 0
github.com/NailUsmanov/gophkeeper/internal/client/transport/attachment_api.go:117.38,118.47 1 0
github.com/NailUsmanov/gophkeeper/internal/client/transport/attachment_api.go:119.10,120.66 1 0
github.com/NailUsmanov/gophkeeper/internal/client/transport/attachment_api.go:124.2,125.65 2 1
github.com/NailUsmanov/gophkeeper/internal/client/transport/attachment_api.go:125.65,127.3 1 0
github.com/NailUsmanov/gophkeeper/internal/client/transport/attachment_api.go:129.2,129.19 1 1
github.com/NailUsmanov/gophkeeper/internal/client/transport/attachment_api.go:134.95,142.16 3 1
github.com/NailUsmanov/gophkeeper/internal/client/transport/attachment_api.go:142.16,144.3 1 0
github.com/NailUsmanov/gophkeeper/internal/client/transport/attachment_api.go:147.2,148.16 2 1
github.com/NailUsmanov/gophkeeper/internal/client/transport/attachment_api.go:148.16,150.3 1 0
github.com/NailUsmanov/gophkeeper/internal/client/transport/attachment_api.go:151.2,154.38 2 1
github.com/NailUsmanov/gophkeeper/internal/client/transport/attachment_api.go:154.38,156.3 1 0
github.com/NailUsmanov/gophkeeper/internal/client/transport/attachment_api.go:159.2,159.60 1 1
github.com/NailUsmanov/gophkeeper/internal/client/transport/attachment_api.go:159.60,160.49 1 1
github.com/NailUsmanov/gophkeeper/internal/client/transport/attachment_api.go:160.49,162.4 1 0
github.com/NailUsmanov/gophkeeper/internal/client/transport/attachment_api.go:166.2,167.16 2 1
github.com/NailUsmanov/gophkeeper/internal/client/transport/attachment_api.go:167.16,169.3 1 0
github.com/NailUsmanov/gophkeeper/internal/client/transport/attachment_api.go:170.2,172.49 2 1
github.com/NailUsmanov/gophkeeper/internal/client/transport/attachment_api.go:172.49,174.3 1 0
github.com/NailUsmanov/gophkeeper/internal/client/transport/attachment_api.go:176.2,176.12 1 1
github.com/NailUsmanov/gophkeeper/internal/client/transport/attachment_api.go:180.122,186.20 3 1
github.com/NailUsmanov/gophkeeper/internal/client/transport/attachment_api.go:186.20,188.3 1 1
github.com/NailUsmanov/gophkeeper/internal/client/transport/attachment_api.go:189.2,189.15 1 1
github.com/NailUsmanov/gophkeeper/internal/client/transport/attachment_api.go:189.15,191.3 1 1
github.com/NailUsmanov/gophkeeper/internal/client/transport/attachment_api.go:192.2,192.16 1 1
github.com/NailUsmanov/gophkeeper/internal/client/transport/attachment_api.go:192.16,194.3 1 0
github.com/NailUsmanov/gophkeeper/internal/client/transport/attachment_api.go:195.2,199.16 3 1
github.com/NailUsmanov/gophkeeper/internal/client/transport/attachment_api.go:199.16,201.3 1 0
github.com/NailUsmanov/gophkeeper/internal/client/transport/attachment_api.go:202.2,206.16 3 1
github.com/NailUsmanov/gophkeeper/internal/client/transport/attachment_api.go:206.16,208.3 1 0
github.com/NailUsmanov/gophkeeper/internal/client/transport/attachment_api.go:209.2,212.25 2 1
github.com/NailUsmanov/gophkeeper/internal/client/transport/attachment_api.go:213.21,213.21 0 1
github.com/NailUsmanov/gophkeeper/internal/client/transport/attachment_api.go:215.31,216.67 1 0
github.com/NailUsmanov/gophkeeper/internal/client/transport/attachment_api.go:217.29,218.51 1 0
github.com/NailUsmanov/gophkeeper/internal/client/transport/attachment_api.go:219.38,220.50 1 0
github.com/NailUsmanov/gophkeeper/internal/client/transport/attachment_api.go:221.10,222.69 1 0
github.com/NailUsmanov/gophkeeper/internal/client/transport/attachment_api.go:226.2,227.63 2 1
github.com/NailUsmanov/gophkeeper/internal/client/transport/attachment_api.go:227.63,229.3 1 0
github.com/NailUsmanov/gophkeeper/internal/client/transport/attachment_api.go:231.2,231.21 1 1
github.com/NailUsmanov/gophkeeper/internal/client/transport/attachment_api.go:231.21,233.3 1 0
github.com/NailUsmanov/gophkeeper/internal/client/transport/attachment_api.go:234.2,234.32 1 1
github.com/NailUsmanov/gophkeeper/internal/client/transport/auth_api.go:30.100,36.16 3 1
github.com/NailUsmanov/gophkeeper/internal/client/transport/auth_api.go:36.16,38.3 1 0
github.com/NailUsmanov/gophkeeper/internal/client/transport/auth_api.go:40.2,41.16 2 1
github.com/NailUsmanov/gophkeeper/internal/client/transport/auth_api.go:41.16,43.3 1 0
github.com/NailUsmanov/gophkeeper/internal/client/transport/auth_api.go:44.2,48.16 3 1
github.com/NailUsmanov/gophkeeper/internal/client/transport/auth_api.go:48.16,50.3 1 0
github.com/NailUsmanov/gophkeeper/internal/client/transport/auth_api.go:51.2,54.37 2 1
github.com/NailUsmanov/gophkeeper/internal/client/transport/auth_api.go:54.37,56.3 1 0
github.com/NailUsmanov/gophkeeper/internal/client/transport/auth_api.go:59.2,60.64 2 1
github.com/NailUsmanov/gophkeeper/internal/client/transport/auth_api.go:60.64,62.3 1 0
github.com/NailUsmanov/gophkeeper/internal/client/transport/auth_api.go:65.2,66.35 2 1
github.com/NailUsmanov/gophkeeper/internal/client/transport/auth_api.go:66.35,67.48 1 1
github.com/NailUsmanov/gophkeeper/internal/client/transport/auth_api.go:67.48,69.9 2 1
github.com/NailUsmanov/gophkeeper/internal/client/transport/auth_api.go:72.2,72.17 1 1
github.com/NailUsmanov/gophkeeper/internal/client/transport/auth_api.go:72.17,74.3 1 0
github.com/NailUsmanov/gophkeeper/internal/client/transport/auth_api.go:75.2,75.26 1 1
github.com/NailUsmanov/gophkeeper/internal/client/transport/auth_api.go:80.103,86.16 3 1
github.com/NailUsmanov/gophkeeper/internal/client/transport/auth_api.go:86.16,88.3 1 0
github.com/NailUsmanov/gophkeeper/internal/client/transport/auth_api.go:90.2,91.16 2 1
github.com/NailUsmanov/gophkeeper/internal/client/transport/auth_api.go:91.16,93.3 1 0
github.com/NailUsmanov/gophkeeper/internal/client/transport/auth_api.go:94.2,98.16 3 1
github.com/NailUsmanov/gophkeeper/internal/client/transport/auth_api.go:98.16,100.3 1 0
github.com/NailUsmanov/gophkeeper/internal/client/transport/auth_api.go:101.2,104.25 2 1
github.com/NailUsmanov/gophkeeper/internal/client/transport/auth_api.go:105.26,105.26 0 1
github.com/NailUsmanov/gophkeeper/internal/client/transport/auth_api.go:107.29,108.64 1 0
github.com/NailUsmanov/gophkeeper/internal/client/transport/auth_api.go:109.27,110.68 1 0
github.com/NailUsmanov/gophkeeper/internal/client/transport/auth_api.go:111.38,112.73 1 0
github.com/NailUsmanov/gophkeeper/internal/client/transport/auth_api.go:113.10,114.70 1 0
github.com/NailUsmanov/gophkeeper/internal/client/transport/auth_api.go:118.2,119.65 2 1
github.com/NailUsmanov/gophkeeper/internal/client/transport/auth_api.go:119.65,121.3 1 0
github.com/NailUsmanov/gophkeeper/internal/client/transport/auth_api.go:124.2,125.36 2 1
github.com/NailUsmanov/gophkeeper/internal/client/transport/auth_api.go:125.36,126.48 1 1
github.com/NailUsmanov/gophkeeper/internal/client/transport/auth_api.go:126.48,128.9 2 1
github.com/NailUsmanov/gophkeeper/internal/client/transport/auth_api.go:131.2,131.17 1 1
github.com/NailUsmanov/gophkeeper/internal/client/transport/auth_api.go:131.17,133.3 1 0
github.com/NailUsmanov/gophkeeper/internal/client/transport/auth_api.go:134.2,134.26 1 1
github.com/NailUsmanov/gophkeeper/internal/client/transport/auth_api.go:138.66,144.16 3 1
github.com/NailUsmanov/gophkeeper/internal/client/transport/auth_api.go:144.16,146.3 1 0
github.com/NailUsmanov/gophkeeper/internal/client/transport/auth_api.go:147.2,151.16 3 1
github.com/NailUsmanov/gophkeeper/internal/client/transport/auth_api.go:151.16,153.3 1 0
github.com/NailUsmanov/gophkeeper/internal/client/transport/auth_api.go:154.2,157.45 2 1
github.com/NailUsmanov/gophkeeper/internal/client/transport/auth_api.go:157.45,159.3 1 1
github.com/NailUsmanov/gophkeeper/internal/client/transport/auth_api.go:160.2,160.12 1 1
github.com/NailUsmanov/gophkeeper/internal/client/transport/secret_api.go:52.102,57.16 3 1
github.com/NailUsmanov/gophkeeper/internal/client/transport/secret_api.go:57.16,59.3 1 1
github.com/NailUsmanov/gophkeeper/internal/client/transport/secret_api.go:61.2,62.16 2 1
github.com/NailUsmanov/gophkeeper/internal/client/transport/secret_api.go:62.16,64.3 1 0
github.com/NailUsmanov/gophkeeper/internal/client/transport/secret_api.go:65.2,68.16 3 1
github.com/NailUsmanov/gophkeeper/internal/client/transport/secret_api.go:68.16,70.3 1 0
github.com/NailUsmanov/gophkeeper/internal/client/transport/secret_api.go:71.2,73.25 2 1
github.com/NailUsmanov/gophkeeper/internal/client/transport/secret_api.go:74.26,74.26 0 1
github.com/NailUsmanov/gophkeeper/internal/client/transport/secret_api.go:75.31,76.64 1 1
github.com/NailUsmanov/gophkeeper/internal/client/transport/secret_api.go:77.29,78.48 1 1
github.com/NailUsmanov/gophkeeper/internal/client/transport/secret_api.go:79.38,80.52 1 1
github.com/NailUsmanov/gophkeeper/internal/client/transport/secret_api.go:81.38,82.47 1 1
github.com/NailUsmanov/gophkeeper/internal/client/transport/secret_api.go:83.10,84.66 1 1
github.com/NailUsmanov/gophkeeper/internal/client/transport/secret_api.go:87.2,88.67 2 1
github.com/NailUsmanov/gophkeeper/internal/client/transport/secret_api.go:88.67,90.3 1 1
github.com/NailUsmanov/gophkeeper/internal/client/transport/secret_api.go:91.2,91.21 1 1
github.com/NailUsmanov/gophkeeper/internal/client/transport/secret_api.go:95.85,101.16 3 1
github.com/NailUsmanov/gophkeeper/internal/client/transport/secret_api.go:101.16,103.3 1 0
github.com/NailUsmanov/gophkeeper/internal/client/transport/secret_api.go:104.2,108.16 3 1
github.com/NailUsmanov/gophkeeper/internal/client/transport/secret_api.go:108.16,110.3 1 0
github.com/NailUsmanov/gophkeeper/internal/client/transport/secret_api.go:111.2,114.25 2 1
github.com/NailUsmanov/gophkeeper/internal/client/transport/secret_api.go:115.21,115.21 0 1
github.com/NailUsmanov/gophkeeper/internal/client/transport/secret_api.go:117.31,118.64 1 1
github.com/NailUsmanov/gophkeeper/internal/client/transport/secret_api.go:119.27,120.44 1 1
github.com/NailUsmanov/gophkeeper/internal/client/transport/secret_api.go:121.38,122.47 1 1
github.com/NailUsmanov/gophkeeper/internal/client/transport/secret_api.go:123.10,124.66 1 1
github.com/NailUsmanov/gophkeeper/internal/client/transport/secret_api.go:128.2,129.62 2 1
github.com/NailUsmanov/gophkeeper/internal/client/transport/secret_api.go:129.62,131.3 1 1
github.com/NailUsmanov/gophkeeper/internal/client/transport/secret_api.go:132.2,132.16 1 1
github.com/NailUsmanov/gophkeeper/internal/client/transport/secret_api.go:135.137,141.15 3 1
github.com/NailUsmanov/gophkeeper/internal/client/transport/secret_api.go:141.15,143.3 1 1
github.com/NailUsmanov/gophkeeper/internal/client/transport/secret_api.go:144.2,144.16 1 1
github.com/NailUsmanov/gophkeeper/internal/client/transport/secret_api.go:144.16,146.3 1 0
github.com/NailUsmanov/gophkeeper/internal/client/transport/secret_api.go:147.2,147.15 1 1
github.com/NailUsmanov/gophkeeper/internal/client/transport/secret_api.go:147.15,149.3 1 1
github.com/NailUsmanov/gophkeeper/internal/client/transport/secret_api.go:150.2,150.28 1 1
github.com/NailUsmanov/gophkeeper/internal/client/transport/secret_api.go:150.28,152.3 1 1
github.com/NailUsmanov/gophkeeper/internal/client/transport/secret_api.go:153.2,157.16 3 1
github.com/NailUsmanov/gophkeeper/internal/client/transport/secret_api.go:157.16,159.3 1 0
github.com/NailUsmanov/gophkeeper/internal/client/transport/secret_api.go:160.2,164.16 3 1
github.com/NailUsmanov/gophkeeper/internal/client/transport/secret_api.go:164.16,166.3 1 0
github.com/NailUsmanov/gophkeeper/internal/client/transport/secret_api.go:167.2,170.25 2 1
github.com/NailUsmanov/gophkeeper/internal/client/transport/secret_api.go:171.21,171.21 0 1
github.com/NailUsmanov/gophkeeper/internal/client/transport/secret_api.go:173.31,174.67 1 1
github.com/NailUsmanov/gophkeeper/internal/client/transport/secret_api.go:175.29,176.51 1 1
github.com/NailUsmanov/gophkeeper/internal/client/transport/secret_api.go:177.38,178.50 1 1
github.com/NailUsmanov/gophkeeper/internal/client/transport/secret_api.go:179.10,180.69 1 1
github.com/NailUsmanov/gophkeeper/internal/client/transport/secret_api.go:184.2,185.63 2 1
github.com/NailUsmanov/gophkeeper/internal/client/transport/secret_api.go:185.63,187.3 1 1
github.com/NailUsmanov/gophkeeper/internal/client/transport/secret_api.go:188.2,188.21 1 1
github.com/NailUsmanov/gophkeeper/internal/client/transport/secret_api.go:188.21,190.3 1 1
github.com/NailUsmanov/gophkeeper/internal/client/transport/secret_api.go:191.2,191.32 1 1
github.com/NailUsmanov/gophkeeper/internal/client/transport/secret_api.go:194.113,199.16 3 1
github.com/NailUsmanov/gophkeeper/internal/client/transport/secret_api.go:199.16,201.3 1 1
github.com/NailUsmanov/gophkeeper/internal/client/transport/secret_api.go:203.2,204.16 2 1
github.com/NailUsmanov/gophkeeper/internal/client/transport/secret_api.go:204.16,206.3 1 0
github.com/NailUsmanov/gophkeeper/internal/client/transport/secret_api.go:207.2,210.16 3 1
github.com/NailUsmanov/gophkeeper/internal/client/transport/secret_api.go:210.16,212.3 1 0
github.com/NailUsmanov/gophkeeper/internal/client/transport/secret_api.go:213.2,215.25 2 1
github.com/NailUsmanov/gophkeeper/internal/client/transport/secret_api.go:216.21,216.21 0 1
github.com/NailUsmanov/gophkeeper/internal/client/transport/secret_api.go:218.31,219.64 1 1
github.com/NailUsmanov/gophkeeper/internal/client/transport/secret_api.go:220.29,221.48 1 1
github.com/NailUsmanov/gophkeeper/internal/client/transport/secret_api.go:222.27,223.51 1 1
github.com/NailUsmanov/gophkeeper/internal/client/transport/secret_api.go:224.38,225.52 1 1
github.com/NailUsmanov/gophkeeper/internal/client/transport/secret_api.go:226.38,227.47 1 1
github.com/NailUsmanov/gophkeeper/internal/client/transport/secret_api.go:228.10,229.66 1 1
github.com/NailUsmanov/gophkeeper/internal/client/transport/secret_api.go:232.2,233.67 2 1
github.com/NailUsmanov/gophkeeper/internal/client/transport/secret_api.go:233.67,235.3 1 1
github.com/NailUsmanov/gophkeeper/internal/client/transport/secret_api.go:236.2,236.21 1 1
github.com/NailUsmanov/gophkeeper/internal/models/error.go:32.35,33.21 1 1
github.com/NailUsmanov/gophkeeper/internal/models/error.go:33.21,35.3 1 1
github.com/NailUsmanov/gophkeeper/internal/models/error.go:36.2,36.15 1 0
github.com/NailUsmanov/gophkeeper/internal/models/error.go:40.33,42.2 1 1
github.com/NailUsmanov/gophkeeper/internal/models/error.go:45.56,52.2 1 1
github.com/NailUsmanov/gophkeeper/internal/models/error.go:55.56,62.2 1 1
github.com/NailUsmanov/gophkeeper/internal/models/error.go:65.53,72.2 1 1
github.com/NailUsmanov/gophkeeper/internal/models/error.go:75.52,82.2 1 1
github.com/NailUsmanov/gophkeeper/internal/models/error.go:85.52,92.2 1 1
github.com/NailUsmanov/gophkeeper/internal/models/error.go:95.54,102.2 1 1
github.com/NailUsmanov/gophkeeper/internal/models/error.go:105.52,112.2 1 1
github.com/NailUsmanov/gophkeeper/internal/models/error.go:114.57,121.2 1 1
github.com/NailUsmanov/gophkeeper/internal/models/error.go:123.54,130.2 1 1
github.com/NailUsmanov/gophkeeper/internal/models/error.go:133.43,135.26 2 1
github.com/NailUsmanov/gophkeeper/internal/models/error.go:135.26,137.3 1 1
github.com/NailUsmanov/gophkeeper/internal/models/error.go:138.2,138.14 1 0
github.com/NailUsmanov/gophkeeper/internal/security/token/opaque.go:34.77,36.2 1 1
github.com/NailUsmanov/gophkeeper/internal/security/token/opaque.go:38.83,42.16 2 1
github.com/NailUsmanov/gophkeeper/internal/security/token/opaque.go:42.16,44.3 1 1
github.com/NailUsmanov/gophkeeper/internal/security/token/opaque.go:45.2,45.86 1 1
github.com/NailUsmanov/gophkeeper/internal/security/token/opaque.go:45.86,47.3 1 1
github.com/NailUsmanov/gophkeeper/internal/security/token/opaque.go:48.2,48.17 1 1
github.com/NailUsmanov/gophkeeper/internal/security/token/opaque.go:51.85,53.16 2 1
github.com/NailUsmanov/gophkeeper/internal/security/token/opaque.go:53.16,55.3 1 1
github.com/NailUsmanov/gophkeeper/internal/security/token/opaque.go:56.2,56.44 1 1
github.com/NailUsmanov/gophkeeper/internal/security/token/opaque.go:56.44,58.3 1 1
github.com/NailUsmanov/gophkeeper/internal/security/token/opaque.go:59.2,59.20 1 1
github.com/NailUsmanov/gophkeeper/internal/security/token/opaque.go:62.73,64.2 1 1
github.com/NailUsmanov/gophkeeper/internal/security/token/opaque.go:66.41,68.40 2 1
github.com/NailUsmanov/gophkeeper/internal/security/token/opaque.go:68.40,70.3 1 0
github.com/NailUsmanov/gophkeeper/internal/security/token/opaque.go:71.2,71.35 1 1
github.com/NailUsmanov/gophkeeper/internal/server/app/app.go:47.78,57.2 4 1
github.com/NailUsmanov/gophkeeper/internal/server/app/app.go:60.29,78.16 10 1
github.com/NailUsmanov/gophkeeper/internal/server/app/app.go:78.16,80.3 1 0
github.com/NailUsmanov/gophkeeper/internal/server/app/app.go:81.2,89.47 5 1
github.com/NailUsmanov/gophkeeper/internal/server/app/app.go:89.47,96.30 4 1
github.com/NailUsmanov/gophkeeper/internal/server/app/app.go:96.30,109.4 8 1
github.com/NailUsmanov/gophkeeper/internal/server/app/app.go:115.59,126.12 2 1
github.com/NailUsmanov/gophkeeper/internal/server/app/app.go:126.12,132.3 5 1
github.com/NailUsmanov/gophkeeper/internal/server/app/app.go:135.2,135.86 1 1
github.com/NailUsmanov/gophkeeper/internal/server/app/app.go:135.86,137.3 1 0
github.com/NailUsmanov/gophkeeper/internal/server/app/app.go:138.2,138.12 1 1
github.com/NailUsmanov/gophkeeper/internal/server/handlers/attachment/handler_attachment.go:58.79,59.54 1 1
github.com/NailUsmanov/gophkeeper/internal/server/handlers/attachment/handler_attachment.go:59.54,62.20 2 1
github.com/NailUsmanov/gophkeeper/internal/server/handlers/attachment/handler_attachment.go:62.20,65.4 2 1
github.com/NailUsmanov/gophkeeper/internal/server/handlers/attachment/handler_attachment.go:67.3,67.25 1 1
github.com/NailUsmanov/gophkeeper/internal/server/handlers/attachment/handler_attachment.go:67.25,69.4 1 1
github.com/NailUsmanov/gophkeeper/internal/server/handlers/attachment/handler_attachment.go:71.3,71.63 1 1
github.com/NailUsmanov/gophkeeper/internal/server/handlers/attachment/handler_attachment.go:71.63,74.4 2 0
github.com/NailUsmanov/gophkeeper/internal/server/handlers/attachment/handler_attachment.go:75.3,75.16 1 1
github.com/NailUsmanov/gophkeeper/internal/server/handlers/attachment/handler_attachment.go:75.16,76.30 1 1
github.com/NailUsmanov/gophkeeper/internal/server/handlers/attachment/handler_attachment.go:76.30,78.5 1 1
github.com/NailUsmanov/gophkeeper/internal/server/handlers/attachment/handler_attachment.go:81.3,82.21 2 1
github.com/NailUsmanov/gophkeeper/internal/server/handlers/attachment/handler_attachment.go:82.21,84.4 1 1
github.com/NailUsmanov/gophkeeper/internal/server/handlers/attachment/handler_attachment.go:85.3,85.21 1 1
github.com/NailUsmanov/gophkeeper/internal/server/handlers/attachment/handler_attachment.go:85.21,88.4 2 1
github.com/NailUsmanov/gophkeeper/internal/server/handlers/attachment/handler_attachment.go:90.3,91.17 2 1
github.com/NailUsmanov/gophkeeper/internal/server/handlers/attachment/handler_attachment.go:91.17,94.4 2 1
github.com/NailUsmanov/gophkeeper/internal/server/handlers/attachment/handler_attachment.go:95.3,102.17 6 1
github.com/NailUsmanov/gophkeeper/internal/server/handlers/attachment/handler_attachment.go:102.17,105.4 2 0
github.com/NailUsmanov/gophkeeper/internal/server/handlers/attachment/handler_attachment.go:107.3,118.4 6 1
github.com/NailUsmanov/gophkeeper/internal/server/handlers/attachment/handler_attachment.go:124.81,125.54 1 1
github.com/NailUsmanov/gophkeeper/internal/server/handlers/attachment/handler_attachment.go:125.54,128.20 2 1
github.com/NailUsmanov/gophkeeper/internal/server/handlers/attachment/handler_attachment.go:128.20,131.4 2 1
github.com/NailUsmanov/gophkeeper/internal/server/handlers/attachment/handler_attachment.go:133.3,134.25 2 1
github.com/NailUsmanov/gophkeeper/internal/server/handlers/attachment/handler_attachment.go:134.25,137.4 2 1
github.com/NailUsmanov/gophkeeper/internal/server/handlers/attachment/handler_attachment.go:138.3,142.17 3 1
github.com/NailUsmanov/gophkeeper/internal/server/handlers/attachment/handler_attachment.go:142.17,145.4 2 1
github.com/NailUsmanov/gophkeeper/internal/server/handlers/attachment/handler_attachment.go:146.3,149.39 2 1
github.com/NailUsmanov/gophkeeper/internal/server/handlers/attachment/handler_attachment.go:149.39,151.4 1 1
github.com/NailUsmanov/gophkeeper/internal/server/handlers/attachment/handler_attachment.go:153.3,153.20 1 1
github.com/NailUsmanov/gophkeeper/internal/server/handlers/attachment/handler_attachment.go:153.20,155.4 1 1
github.com/NailUsmanov/gophkeeper/internal/server/handlers/attachment/handler_attachment.go:156.3,156.26 1 1
github.com/NailUsmanov/gophkeeper/internal/server/handlers/attachment/handler_attachment.go:156.26,158.4 1 1
github.com/NailUsmanov/gophkeeper/internal/server/handlers/attachment/handler_attachment.go:158.9,160.4 1 0
github.com/NailUsmanov/gophkeeper/internal/server/handlers/attachment/handler_attachment.go:161.3,163.43 2 1
github.com/NailUsmanov/gophkeeper/internal/server/handlers/attachment/handler_attachment.go:163.43,169.4 2 0
github.com/NailUsmanov/gophkeeper/internal/server/handlers/attachment/handler_attachment.go:172.3,178.4 1 1
github.com/NailUsmanov/gophkeeper/internal/server/handlers/attachment/handler_attachment.go:183.88,184.54 1 1
github.com/NailUsmanov/gophkeeper/internal/server/handlers/attachment/handler_attachment.go:184.54,187.20 2 1
github.com/NailUsmanov/gophkeeper/internal/server/handlers/attachment/handler_attachment.go:187.20,190.4 2 1
github.com/NailUsmanov/gophkeeper/internal/server/handlers/attachment/handler_attachment.go:192.3,197.21 5 1
github.com/NailUsmanov/gophkeeper/internal/server/handlers/attachment/handler_attachment.go:197.21,200.4 2 1
github.com/NailUsmanov/gophkeeper/internal/server/handlers/attachment/handler_attachment.go:201.3,202.67 2 1
github.com/NailUsmanov/gophkeeper/internal/server/handlers/attachment/handler_attachment.go:202.67,204.4 1 1
github.com/NailUsmanov/gophkeeper/internal/server/handlers/attachment/handler_attachment.go:205.3,206.50 2 1
github.com/NailUsmanov/gophkeeper/internal/server/handlers/attachment/handler_attachment.go:206.50,208.4 1 1
github.com/NailUsmanov/gophkeeper/internal/server/handlers/attachment/handler_attachment.go:211.3,212.17 2 1
github.com/NailUsmanov/gophkeeper/internal/server/handlers/attachment/handler_attachment.go:212.17,215.4 2 1
github.com/NailUsmanov/gophkeeper/internal/server/handlers/attachment/handler_attachment.go:217.3,221.57 4 1
github.com/NailUsmanov/gophkeeper/internal/server/handlers/attachment/handler_attachment.go:221.57,224.4 2 0
github.com/NailUsmanov/gophkeeper/internal/server/handlers/attachment/handler_attachment.go:228.67,229.54 1 1
github.com/NailUsmanov/gophkeeper/internal/server/handlers/attachment/handler_attachment.go:229.54,230.47 1 1
github.com/NailUsmanov/gophkeeper/internal/server/handlers/attachment/handler_attachment.go:230.47,234.4 3 1
github.com/NailUsmanov/gophkeeper/internal/server/handlers/attachment/handler_attachment.go:235.3,235.31 1 1
github.com/NailUsmanov/gophkeeper/internal/server/handlers/attachment/mapper.go:15.43,16.16 1 1
github.com/NailUsmanov/gophkeeper/internal/server/handlers/attachment/mapper.go:16.16,18.3 1 1
github.com/NailUsmanov/gophkeeper/internal/server/handlers/attachment/mapper.go:19.2,19.37 1 1
github.com/NailUsmanov/gophkeeper/internal/server/handlers/attachment/mapper.go:23.77,32.2 1 1
github.com/NailUsmanov/gophkeeper/internal/server/handlers/attachment/mapper.go:35.109,37.27 2 1
github.com/NailUsmanov/gophkeeper/internal/server/handlers/attachment/mapper.go:37.27,39.3 1 1
github.com/NailUsmanov/gophkeeper/internal/server/handlers/attachment/mapper.go:40.2,45.3 1 1
github.com/NailUsmanov/gophkeeper/internal/server/handlers/auth/handler_auth.go:39.77,40.54 1 1
github.com/NailUsmanov/gophkeeper/internal/server/handlers/auth/handler_auth.go:40.54,44.42 2 1
github.com/NailUsmanov/gophkeeper/internal/server/handlers/auth/handler_auth.go:44.42,48.4 3 1
github.com/NailUsmanov/gophkeeper/internal/server/handlers/auth/handler_auth.go:51.3,52.17 2 1
github.com/NailUsmanov/gophkeeper/internal/server/handlers/auth/handler_auth.go:52.17,56.4 3 1
github.com/NailUsmanov/gophkeeper/internal/server/handlers/auth/handler_auth.go:59.3,79.56 5 1
github.com/NailUsmanov/gophkeeper/internal/server/handlers/auth/handler_auth.go:79.56,82.4 2 0
github.com/NailUsmanov/gophkeeper/internal/server/handlers/auth/handler_auth.go:88.73,89.54 1 1
github.com/NailUsmanov/gophkeeper/internal/server/handlers/auth/handler_auth.go:89.54,93.42 2 1
github.com/NailUsmanov/gophkeeper/internal/server/handlers/auth/handler_auth.go:93.42,97.4 3 1
github.com/NailUsmanov/gophkeeper/internal/server/handlers/auth/handler_auth.go:100.3,101.17 2 1
github.com/NailUsmanov/gophkeeper/internal/server/handlers/auth/handler_auth.go:101.17,105.4 3 1
github.com/NailUsmanov/gophkeeper/internal/server/handlers/auth/handler_auth.go:108.3,128.56 5 1
github.com/NailUsmanov/gophkeeper/internal/server/handlers/auth/handler_auth.go:128.56,131.4 2 0
github.com/NailUsmanov/gophkeeper/internal/server/handlers/auth/handler_auth.go:138.75,139.54 1 1
github.com/NailUsmanov/gophkeeper/internal/server/handlers/auth/handler_auth.go:139.54,143.15 3 1
github.com/NailUsmanov/gophkeeper/internal/server/handlers/auth/handler_auth.go:143.15,145.4 1 1
github.com/NailUsmanov/gophkeeper/internal/server/handlers/auth/handler_auth.go:148.3,148.18 1 1
github.com/NailUsmanov/gophkeeper/internal/server/handlers/auth/handler_auth.go:148.18,149.57 1 1
github.com/NailUsmanov/gophkeeper/internal/server/handlers/auth/handler_auth.go:149.57,151.5 1 1
github.com/NailUsmanov/gophkeeper/internal/server/handlers/auth/handler_auth.go:155.3,166.38 2 1
github.com/NailUsmanov/gophkeeper/internal/server/handlers/secret/handler_secret.go:31.88,32.54 1 1
github.com/NailUsmanov/gophkeeper/internal/server/handlers/secret/handler_secret.go:32.54,35.19 2 1
github.com/NailUsmanov/gophkeeper/internal/server/handlers/secret/handler_secret.go:35.19,38.4 2 1
github.com/NailUsmanov/gophkeeper/internal/server/handlers/secret/handler_secret.go:40.3,41.62 2 1
github.com/NailUsmanov/gophkeeper/internal/server/handlers/secret/handler_secret.go:41.62,45.4 3 1
github.com/NailUsmanov/gophkeeper/internal/server/handlers/secret/handler_secret.go:46.3,46.70 1 1
github.com/NailUsmanov/gophkeeper/internal/server/handlers/secret/handler_secret.go:46.70,49.4 2 1
github.com/NailUsmanov/gophkeeper/internal/server/handlers/secret/handler_secret.go:52.3,60.17 3 1
github.com/NailUsmanov/gophkeeper/internal/server/handlers/secret/handler_secret.go:60.17,63.4 2 1
github.com/NailUsmanov/gophkeeper/internal/server/handlers/secret/handler_secret.go:66.3,79.57 4 1
github.com/NailUsmanov/gophkeeper/internal/server/handlers/secret/handler_secret.go:79.57,82.4 2 0
github.com/NailUsmanov/gophkeeper/internal/server/handlers/secret/handler_secret.go:93.80,94.54 1 1
github.com/NailUsmanov/gophkeeper/internal/server/handlers/secret/handler_secret.go:94.54,97.15 2 1
github.com/NailUsmanov/gophkeeper/internal/server/handlers/secret/handler_secret.go:97.15,100.4 2 0
github.com/NailUsmanov/gophkeeper/internal/server/handlers/secret/handler_secret.go:103.3,104.19 2 1
github.com/NailUsmanov/gophkeeper/internal/server/handlers/secret/handler_secret.go:104.19,107.4 2 1
github.com/NailUsmanov/gophkeeper/internal/server/handlers/secret/handler_secret.go:110.3,111.17 2 1
github.com/NailUsmanov/gophkeeper/internal/server/handlers/secret/handler_secret.go:111.17,114.4 2 1
github.com/NailUsmanov/gophkeeper/internal/server/handlers/secret/handler_secret.go:117.3,130.58 4 1
github.com/NailUsmanov/gophkeeper/internal/server/handlers/secret/handler_secret.go:130.58,133.4 2 0
github.com/NailUsmanov/gophkeeper/internal/server/handlers/secret/handler_secret.go:138.77,139.54 1 1
github.com/NailUsmanov/gophkeeper/internal/server/handlers/secret/handler_secret.go:139.54,142.19 2 1
github.com/NailUsmanov/gophkeeper/internal/server/handlers/secret/handler_secret.go:142.19,146.4 3 0
github.com/NailUsmanov/gophkeeper/internal/server/handlers/secret/handler_secret.go:149.3,156.18 6 1
github.com/NailUsmanov/gophkeeper/internal/server/handlers/secret/handler_secret.go:156.18,158.4 1 1
github.com/NailUsmanov/gophkeeper/internal/server/handlers/secret/handler_secret.go:159.3,159.19 1 1
github.com/NailUsmanov/gophkeeper/internal/server/handlers/secret/handler_secret.go:159.19,161.4 1 1
github.com/NailUsmanov/gophkeeper/internal/server/handlers/secret/handler_secret.go:163.3,164.51 2 1
github.com/NailUsmanov/gophkeeper/internal/server/handlers/secret/handler_secret.go:164.51,167.4 2 1
github.com/NailUsmanov/gophkeeper/internal/server/handlers/secret/handler_secret.go:168.3,169.34 2 1
github.com/NailUsmanov/gophkeeper/internal/server/handlers/secret/handler_secret.go:169.34,172.4 2 0
github.com/NailUsmanov/gophkeeper/internal/server/handlers/secret/handler_secret.go:175.3,177.16 2 1
github.com/NailUsmanov/gophkeeper/internal/server/handlers/secret/handler_secret.go:177.16,178.76 1 1
github.com/NailUsmanov/gophkeeper/internal/server/handlers/secret/handler_secret.go:178.76,182.5 3 0
github.com/NailUsmanov/gophkeeper/internal/server/handlers/secret/handler_secret.go:183.4,184.21 2 1
github.com/NailUsmanov/gophkeeper/internal/server/handlers/secret/handler_secret.go:188.3,188.19 1 1
github.com/NailUsmanov/gophkeeper/internal/server/handlers/secret/handler_secret.go:188.19,190.18 2 1
github.com/NailUsmanov/gophkeeper/internal/server/handlers/secret/handler_secret.go:190.18,194.5 3 1
github.com/NailUsmanov/gophkeeper/internal/server/handlers/secret/handler_secret.go:195.4,195.28 1 1
github.com/NailUsmanov/gophkeeper/internal/server/handlers/secret/handler_secret.go:199.3,200.17 2 1
github.com/NailUsmanov/gophkeeper/internal/server/handlers/secret/handler_secret.go:200.17,203.4 2 0
github.com/NailUsmanov/gophkeeper/internal/server/handlers/secret/handler_secret.go:206.3,207.27 2 1
github.com/NailUsmanov/gophkeeper/internal/server/handlers/secret/handler_secret.go:207.27,218.4 2 1
github.com/NailUsmanov/gophkeeper/internal/server/handlers/secret/handler_secret.go:220.3,226.59 6 1
github.com/NailUsmanov/gophkeeper/internal/server/handlers/secret/handler_secret.go:226.59,228.4 1 0
github.com/NailUsmanov/gophkeeper/internal/server/handlers/secret/handler_secret.go:237.76,238.54 1 1
github.com/NailUsmanov/gophkeeper/internal/server/handlers/secret/handler_secret.go:238.54,242.19 3 1
github.com/NailUsmanov/gophkeeper/internal/server/handlers/secret/handler_secret.go:242.19,246.4 3 0
github.com/NailUsmanov/gophkeeper/internal/server/handlers/secret/handler_secret.go:248.3,251.21 3 1
github.com/NailUsmanov/gophkeeper/internal/server/handlers/secret/handler_secret.go:251.21,255.4 3 0
github.com/NailUsmanov/gophkeeper/internal/server/handlers/secret/handler_secret.go:258.3,264.42 6 1
github.com/NailUsmanov/gophkeeper/internal/server/handlers/secret/handler_secret.go:264.42,268.4 3 0
github.com/NailUsmanov/gophkeeper/internal/server/handlers/secret/handler_secret.go:269.3,269.17 1 1
github.com/NailUsmanov/gophkeeper/internal/server/handlers/secret/handler_secret.go:269.17,272.4 2 0
github.com/NailUsmanov/gophkeeper/internal/server/handlers/secret/handler_secret.go:275.3,275.23 1 1
github.com/NailUsmanov/gophkeeper/internal/server/handlers/secret/handler_secret.go:275.23,279.4 3 0
github.com/NailUsmanov/gophkeeper/internal/server/handlers/secret/handler_secret.go:280.3,280.25 1 1
github.com/NailUsmanov/gophkeeper/internal/server/handlers/secret/handler_secret.go:280.25,284.4 3 0
github.com/NailUsmanov/gophkeeper/internal/server/handlers/secret/handler_secret.go:286.3,286.23 1 1
github.com/NailUsmanov/gophkeeper/internal/server/handlers/secret/handler_secret.go:286.23,288.15 2 1
github.com/NailUsmanov/gophkeeper/internal/server/handlers/secret/handler_secret.go:288.15,291.5 2 0
github.com/NailUsmanov/gophkeeper/internal/server/handlers/secret/handler_secret.go:292.4,292.18 1 1
github.com/NailUsmanov/gophkeeper/internal/server/handlers/secret/handler_secret.go:295.3,303.17 3 1
github.com/NailUsmanov/gophkeeper/internal/server/handlers/secret/handler_secret.go:303.17,304.11 1 1
github.com/NailUsmanov/gophkeeper/internal/server/handlers/secret/handler_secret.go:305.61,306.49 1 1
github.com/NailUsmanov/gophkeeper/internal/server/handlers/secret/handler_secret.go:307.61,308.49 1 1
github.com/NailUsmanov/gophkeeper/internal/server/handlers/secret/handler_secret.go:309.65,310.53 1 1
github.com/NailUsmanov/gophkeeper/internal/server/handlers/secret/handler_secret.go:311.124,312.51 1 1
github.com/NailUsmanov/gophkeeper/internal/server/handlers/secret/handler_secret.go:313.12,314.49 1 1
github.com/NailUsmanov/gophkeeper/internal/server/handlers/secret/handler_secret.go:316.4,322.10 2 1
github.com/NailUsmanov/gophkeeper/internal/server/handlers/secret/handler_secret.go:326.3,339.38 4 1
github.com/NailUsmanov/gophkeeper/internal/server/middlewares/auth.go:39.76,40.46 1 1
github.com/NailUsmanov/gophkeeper/internal/server/middlewares/auth.go:40.46,41.72 1 1
github.com/NailUsmanov/gophkeeper/internal/server/middlewares/auth.go:41.72,44.40 2 1
github.com/NailUsmanov/gophkeeper/internal/server/middlewares/auth.go:44.40,47.5 2 1
github.com/NailUsmanov/gophkeeper/internal/server/middlewares/auth.go:49.4,50.34 2 1
github.com/NailUsmanov/gophkeeper/internal/server/middlewares/auth.go:50.34,53.5 2 0
github.com/NailUsmanov/gophkeeper/internal/server/middlewares/auth.go:55.4,56.41 2 1
github.com/NailUsmanov/gophkeeper/internal/server/middlewares/compress.go:24.63,29.2 1 1
github.com/NailUsmanov/gophkeeper/internal/server/middlewares/compress.go:32.47,34.2 1 1
github.com/NailUsmanov/gophkeeper/internal/server/middlewares/compress.go:37.55,38.46 1 1
github.com/NailUsmanov/gophkeeper/internal/server/middlewares/compress.go:38.46,41.3 2 1
github.com/NailUsmanov/gophkeeper/internal/server/middlewares/compress.go:42.2,42.22 1 1
github.com/NailUsmanov/gophkeeper/internal/server/middlewares/compress.go:46.54,47.46 1 1
github.com/NailUsmanov/gophkeeper/internal/server/middlewares/compress.go:47.46,50.3 2 1
github.com/NailUsmanov/gophkeeper/internal/server/middlewares/compress.go:51.2,51.29 1 1
github.com/NailUsmanov/gophkeeper/internal/server/middlewares/compress.go:57.40,59.2 1 1
github.com/NailUsmanov/gophkeeper/internal/server/middlewares/compress.go:68.66,71.16 2 1
github.com/NailUsmanov/gophkeeper/internal/server/middlewares/compress.go:71.16,73.3 1 0
github.com/NailUsmanov/gophkeeper/internal/server/middlewares/compress.go:74.2,77.8 1 1
github.com/NailUsmanov/gophkeeper/internal/server/middlewares/compress.go:81.55,83.2 1 1
github.com/NailUsmanov/gophkeeper/internal/server/middlewares/compress.go:86.41,89.2 2 1
github.com/NailUsmanov/gophkeeper/internal/server/middlewares/compress.go:92.53,94.71 1 1
github.com/NailUsmanov/gophkeeper/internal/server/middlewares/compress.go:94.71,97.65 1 1
github.com/NailUsmanov/gophkeeper/internal/server/middlewares/compress.go:97.65,99.18 2 1
github.com/NailUsmanov/gophkeeper/internal/server/middlewares/compress.go:99.18,102.5 2 0
github.com/NailUsmanov/gophkeeper/internal/server/middlewares/compress.go:103.4,108.60 3 1
github.com/NailUsmanov/gophkeeper/internal/server/middlewares/compress.go:108.60,110.5 1 0
github.com/NailUsmanov/gophkeeper/internal/server/middlewares/compress.go:115.3,115.64 1 1
github.com/NailUsmanov/gophkeeper/internal/server/middlewares/compress.go:115.64,121.4 4 1
github.com/NailUsmanov/gophkeeper/internal/server/middlewares/compress.go:123.3,123.23 1 0
github.com/NailUsmanov/gophkeeper/internal/server/middlewares/logger.go:35.62,39.2 3 1
github.com/NailUsmanov/gophkeeper/internal/server/middlewares/logger.go:42.61,45.2 2 1
github.com/NailUsmanov/gophkeeper/internal/server/middlewares/logger.go:50.83,51.46 1 1
github.com/NailUsmanov/gophkeeper/internal/server/middlewares/logger.go:51.46,52.72 1 1
github.com/NailUsmanov/gophkeeper/internal/server/middlewares/logger.go:52.72,73.4 6 1
github.com/NailUsmanov/gophkeeper/internal/server/service/attachment/service.go:44.127,45.19 1 1
github.com/NailUsmanov/gophkeeper/internal/server/service/attachment/service.go:45.19,47.3 1 0
github.com/NailUsmanov/gophkeeper/internal/server/service/attachment/service.go:48.2,48.73 1 1
github.com/NailUsmanov/gophkeeper/internal/server/service/attachment/service.go:52.151,54.37 1 1
github.com/NailUsmanov/gophkeeper/internal/server/service/attachment/service.go:54.37,56.3 1 1
github.com/NailUsmanov/gophkeeper/internal/server/service/attachment/service.go:57.2,57.20 1 1
github.com/NailUsmanov/gophkeeper/internal/server/service/attachment/service.go:57.20,59.3 1 1
github.com/NailUsmanov/gophkeeper/internal/server/service/attachment/service.go:60.2,60.14 1 1
github.com/NailUsmanov/gophkeeper/internal/server/service/attachment/service.go:60.14,62.3 1 1
github.com/NailUsmanov/gophkeeper/internal/server/service/attachment/service.go:64.2,70.16 5 1
github.com/NailUsmanov/gophkeeper/internal/server/service/attachment/service.go:70.16,72.3 1 1
github.com/NailUsmanov/gophkeeper/internal/server/service/attachment/service.go:74.2,74.15 1 1
github.com/NailUsmanov/gophkeeper/internal/server/service/attachment/service.go:74.15,78.3 2 1
github.com/NailUsmanov/gophkeeper/internal/server/service/attachment/service.go:79.2,79.12 1 1
github.com/NailUsmanov/gophkeeper/internal/server/service/attachment/service.go:79.12,82.3 2 0
github.com/NailUsmanov/gophkeeper/internal/server/service/attachment/service.go:84.2,94.50 2 1
github.com/NailUsmanov/gophkeeper/internal/server/service/attachment/service.go:94.50,104.3 3 1
github.com/NailUsmanov/gophkeeper/internal/server/service/attachment/service.go:105.2,105.19 1 1
github.com/NailUsmanov/gophkeeper/internal/server/service/attachment/service.go:109.152,111.41 1 1
github.com/NailUsmanov/gophkeeper/internal/server/service/attachment/service.go:111.41,113.3 1 1
github.com/NailUsmanov/gophkeeper/internal/server/service/attachment/service.go:115.2,116.16 2 1
github.com/NailUsmanov/gophkeeper/internal/server/service/attachment/service.go:116.16,118.3 1 0
github.com/NailUsmanov/gophkeeper/internal/server/service/attachment/service.go:120.2,120.29 1 1
github.com/NailUsmanov/gophkeeper/internal/server/service/attachment/service.go:120.29,122.3 1 1
github.com/NailUsmanov/gophkeeper/internal/server/service/attachment/service.go:124.2,125.16 2 1
github.com/NailUsmanov/gophkeeper/internal/server/service/attachment/service.go:125.16,131.3 2 1
github.com/NailUsmanov/gophkeeper/internal/server/service/attachment/service.go:132.2,132.26 1 1
github.com/NailUsmanov/gophkeeper/internal/server/service/attachment/service.go:136.138,138.37 1 1
github.com/NailUsmanov/gophkeeper/internal/server/service/attachment/service.go:138.37,140.3 1 1
github.com/NailUsmanov/gophkeeper/internal/server/service/attachment/service.go:141.2,141.16 1 1
github.com/NailUsmanov/gophkeeper/internal/server/service/attachment/service.go:141.16,143.3 1 1
github.com/NailUsmanov/gophkeeper/internal/server/service/attachment/service.go:144.2,144.17 1 1
github.com/NailUsmanov/gophkeeper/internal/server/service/attachment/service.go:144.17,146.3 1 1
github.com/NailUsmanov/gophkeeper/internal/server/service/attachment/service.go:147.2,147.16 1 1
github.com/NailUsmanov/gophkeeper/internal/server/service/attachment/service.go:147.16,149.3 1 1
github.com/NailUsmanov/gophkeeper/internal/server/service/attachment/service.go:151.2,152.16 2 1
github.com/NailUsmanov/gophkeeper/internal/server/service/attachment/service.go:152.16,154.3 1 1
github.com/NailUsmanov/gophkeeper/internal/server/service/attachment/service.go:156.2,156.26 1 1
github.com/NailUsmanov/gophkeeper/internal/server/service/attachment/service.go:159.26,161.2 1 1
github.com/NailUsmanov/gophkeeper/internal/server/service/attachment/service.go:164.61,166.41 1 1
github.com/NailUsmanov/gophkeeper/internal/server/service/attachment/service.go:166.41,168.3 1 1
github.com/NailUsmanov/gophkeeper/internal/server/service/attachment/service.go:170.2,170.44 1 1
github.com/NailUsmanov/gophkeeper/internal/server/service/attachment/service.go:170.44,172.3 1 1
github.com/NailUsmanov/gophkeeper/internal/server/service/attachment/service.go:173.2,173.12 1 1
github.com/NailUsmanov/gophkeeper/internal/server/service/auth/service.go:49.99,55.2 1 1
github.com/NailUsmanov/gophkeeper/internal/server/service/auth/service.go:65.107,67.88 1 1
github.com/NailUsmanov/gophkeeper/internal/server/service/auth/service.go:67.88,70.3 1 1
github.com/NailUsmanov/gophkeeper/internal/server/service/auth/service.go:70.8,70.79 1 1
github.com/NailUsmanov/gophkeeper/internal/server/service/auth/service.go:70.79,73.3 1 0
github.com/NailUsmanov/gophkeeper/internal/server/service/auth/service.go:76.2,77.16 2 1
github.com/NailUsmanov/gophkeeper/internal/server/service/auth/service.go:77.16,79.3 1 1
github.com/NailUsmanov/gophkeeper/internal/server/service/auth/service.go:82.2,88.53 2 1
github.com/NailUsmanov/gophkeeper/internal/server/service/auth/service.go:88.53,90.3 1 1
github.com/NailUsmanov/gophkeeper/internal/server/service/auth/service.go:93.2,94.16 2 1
github.com/NailUsmanov/gophkeeper/internal/server/service/auth/service.go:94.16,96.3 1 1
github.com/NailUsmanov/gophkeeper/internal/server/service/auth/service.go:97.2,97.29 1 1
github.com/NailUsmanov/gophkeeper/internal/server/service/auth/service.go:105.104,109.16 3 1
github.com/NailUsmanov/gophkeeper/internal/server/service/auth/service.go:109.16,110.58 1 1
github.com/NailUsmanov/gophkeeper/internal/server/service/auth/service.go:110.58,112.4 1 0
github.com/NailUsmanov/gophkeeper/internal/server/service/auth/service.go:114.3,114.78 1 1
github.com/NailUsmanov/gophkeeper/internal/server/service/auth/service.go:116.2,116.17 1 1
github.com/NailUsmanov/gophkeeper/internal/server/service/auth/service.go:116.17,118.3 1 0
github.com/NailUsmanov/gophkeeper/internal/server/service/auth/service.go:121.2,121.70 1 1
github.com/NailUsmanov/gophkeeper/internal/server/service/auth/service.go:121.70,123.3 1 1
github.com/NailUsmanov/gophkeeper/internal/server/service/auth/service.go:126.2,127.16 2 1
github.com/NailUsmanov/gophkeeper/internal/server/service/auth/service.go:127.16,129.3 1 1
github.com/NailUsmanov/gophkeeper/internal/server/service/auth/service.go:131.2,131.23 1 1
github.com/NailUsmanov/gophkeeper/internal/server/service/auth/service.go:136.75,137.56 1 1
github.com/NailUsmanov/gophkeeper/internal/server/service/auth/service.go:137.56,139.3 1 1
github.com/NailUsmanov/gophkeeper/internal/server/service/auth/service.go:140.2,140.12 1 1
github.com/NailUsmanov/gophkeeper/internal/server/service/auth/service.go:143.26,145.2 1 1
github.com/NailUsmanov/gophkeeper/internal/server/service/secret/service.go:65.55,70.2 1 1
github.com/NailUsmanov/gophkeeper/internal/server/service/secret/service.go:73.101,74.58 1 1
github.com/NailUsmanov/gophkeeper/internal/server/service/secret/service.go:74.58,76.3 1 1
github.com/NailUsmanov/gophkeeper/internal/server/service/secret/service.go:78.2,89.51 3 1
github.com/NailUsmanov/gophkeeper/internal/server/service/secret/service.go:89.51,91.3 1 1
github.com/NailUsmanov/gophkeeper/internal/server/service/secret/service.go:92.2,92.20 1 1
github.com/NailUsmanov/gophkeeper/internal/server/service/secret/service.go:96.97,98.16 2 1
github.com/NailUsmanov/gophkeeper/internal/server/service/secret/service.go:98.16,99.58 1 1
github.com/NailUsmanov/gophkeeper/internal/server/service/secret/service.go:99.58,101.4 1 1
github.com/NailUsmanov/gophkeeper/internal/server/service/secret/service.go:102.3,102.71 1 0
github.com/NailUsmanov/gophkeeper/internal/server/service/secret/service.go:104.2,104.19 1 1
github.com/NailUsmanov/gophkeeper/internal/server/service/secret/service.go:104.19,106.3 1 0
github.com/NailUsmanov/gophkeeper/internal/server/service/secret/service.go:108.2,118.17 2 1
github.com/NailUsmanov/gophkeeper/internal/server/service/secret/service.go:123.70,124.16 1 1
github.com/NailUsmanov/gophkeeper/internal/server/service/secret/service.go:124.16,126.3 1 0
github.com/NailUsmanov/gophkeeper/internal/server/service/secret/service.go:127.2,127.17 1 1
github.com/NailUsmanov/gophkeeper/internal/server/service/secret/service.go:127.17,129.3 1 0
github.com/NailUsmanov/gophkeeper/internal/server/service/secret/service.go:130.2,130.16 1 1
github.com/NailUsmanov/gophkeeper/internal/server/service/secret/service.go:130.16,132.3 1 0
github.com/NailUsmanov/gophkeeper/internal/server/service/secret/service.go:134.2,135.16 2 1
github.com/NailUsmanov/gophkeeper/internal/server/service/secret/service.go:135.16,137.3 1 1
github.com/NailUsmanov/gophkeeper/internal/server/service/secret/service.go:139.2,139.16 1 1
github.com/NailUsmanov/gophkeeper/internal/server/service/secret/service.go:139.16,141.3 1 0
github.com/NailUsmanov/gophkeeper/internal/server/service/secret/service.go:142.2,142.24 1 1
github.com/NailUsmanov/gophkeeper/internal/server/service/secret/service.go:146.111,150.16 2 1
github.com/NailUsmanov/gophkeeper/internal/server/service/secret/service.go:150.16,152.3 1 0
github.com/NailUsmanov/gophkeeper/internal/server/service/secret/service.go:155.2,155.38 1 1
github.com/NailUsmanov/gophkeeper/internal/server/service/secret/service.go:155.38,157.3 1 1
github.com/NailUsmanov/gophkeeper/internal/server/service/secret/service.go:158.2,160.21 2 1
github.com/NailUsmanov/gophkeeper/internal/server/service/secret/service.go:160.21,162.3 1 1
github.com/NailUsmanov/gophkeeper/internal/server/service/secret/service.go:164.2,175.22 3 1
github.com/NailUsmanov/gophkeeper/internal/server/service/secret/service.go:175.22,177.3 1 1
github.com/NailUsmanov/gophkeeper/internal/server/service/secret/service.go:177.8,179.3 1 1
github.com/NailUsmanov/gophkeeper/internal/server/service/secret/service.go:182.2,182.63 1 1
github.com/NailUsmanov/gophkeeper/internal/server/service/secret/service.go:182.63,183.10 1 0
github.com/NailUsmanov/gophkeeper/internal/server/service/secret/service.go:184.60,185.39 1 0
github.com/NailUsmanov/gophkeeper/internal/server/service/secret/service.go:186.60,187.39 1 0
github.com/NailUsmanov/gophkeeper/internal/server/service/secret/service.go:188.11,189.70 1 0
github.com/NailUsmanov/gophkeeper/internal/server/service/secret/service.go:192.2,192.23 1 1
github.com/NailUsmanov/gophkeeper/internal/server/service/secret/service.go:195.26,197.2 1 1
github.com/NailUsmanov/gophkeeper/internal/server/storage/fs/attachment_storage.go:20.71,21.19 1 1
github.com/NailUsmanov/gophkeeper/internal/server/storage/fs/attachment_storage.go:21.19,23.3 1 1
github.com/NailUsmanov/gophkeeper/internal/server/storage/fs/attachment_storage.go:26.2,26.52 1 1
github.com/NailUsmanov/gophkeeper/internal/server/storage/fs/attachment_storage.go:26.52,28.3 1 0
github.com/NailUsmanov/gophkeeper/internal/server/storage/fs/attachment_storage.go:29.2,29.50 1 1
github.com/NailUsmanov/gophkeeper/internal/server/storage/fs/attachment_storage.go:35.57,38.18 2 1
github.com/NailUsmanov/gophkeeper/internal/server/storage/fs/attachment_storage.go:38.18,40.3 1 1
github.com/NailUsmanov/gophkeeper/internal/server/storage/fs/attachment_storage.go:42.2,42.45 1 1
github.com/NailUsmanov/gophkeeper/internal/server/storage/fs/attachment_storage.go:47.104,52.48 3 1
github.com/NailUsmanov/gophkeeper/internal/server/storage/fs/attachment_storage.go:52.48,54.3 1 0
github.com/NailUsmanov/gophkeeper/internal/server/storage/fs/attachment_storage.go:56.2,58.16 3 1
github.com/NailUsmanov/gophkeeper/internal/server/storage/fs/attachment_storage.go:58.16,60.3 1 0
github.com/NailUsmanov/gophkeeper/internal/server/storage/fs/attachment_storage.go:62.2,64.15 3 1
github.com/NailUsmanov/gophkeeper/internal/server/storage/fs/attachment_storage.go:64.15,65.14 1 1
github.com/NailUsmanov/gophkeeper/internal/server/storage/fs/attachment_storage.go:65.14,67.4 1 0
github.com/NailUsmanov/gophkeeper/internal/server/storage/fs/attachment_storage.go:70.2,71.16 2 1
github.com/NailUsmanov/gophkeeper/internal/server/storage/fs/attachment_storage.go:71.16,73.3 1 0
github.com/NailUsmanov/gophkeeper/internal/server/storage/fs/attachment_storage.go:75.2,75.33 1 1
github.com/NailUsmanov/gophkeeper/internal/server/storage/fs/attachment_storage.go:75.33,77.3 1 0
github.com/NailUsmanov/gophkeeper/internal/server/storage/fs/attachment_storage.go:78.2,78.34 1 1
github.com/NailUsmanov/gophkeeper/internal/server/storage/fs/attachment_storage.go:78.34,80.3 1 0
github.com/NailUsmanov/gophkeeper/internal/server/storage/fs/attachment_storage.go:83.2,83.47 1 1
github.com/NailUsmanov/gophkeeper/internal/server/storage/fs/attachment_storage.go:83.47,85.3 1 0
github.com/NailUsmanov/gophkeeper/internal/server/storage/fs/attachment_storage.go:86.2,87.15 2 1
github.com/NailUsmanov/gophkeeper/internal/server/storage/fs/attachment_storage.go:92.99,94.9 1 1
github.com/NailUsmanov/gophkeeper/internal/server/storage/fs/attachment_storage.go:95.20,96.24 1 1
github.com/NailUsmanov/gophkeeper/internal/server/storage/fs/attachment_storage.go:97.10,97.10 0 1
github.com/NailUsmanov/gophkeeper/internal/server/storage/fs/attachment_storage.go:100.2,103.16 3 1
github.com/NailUsmanov/gophkeeper/internal/server/storage/fs/attachment_storage.go:103.16,105.25 1 1
github.com/NailUsmanov/gophkeeper/internal/server/storage/fs/attachment_storage.go:105.25,107.4 1 1
github.com/NailUsmanov/gophkeeper/internal/server/storage/fs/attachment_storage.go:108.3,108.47 1 0
github.com/NailUsmanov/gophkeeper/internal/server/storage/fs/attachment_storage.go:111.2,111.18 1 1
github.com/NailUsmanov/gophkeeper/internal/server/storage/fs/attachment_storage.go:116.84,118.9 1 1
github.com/NailUsmanov/gophkeeper/internal/server/storage/fs/attachment_storage.go:119.20,120.19 1 1
github.com/NailUsmanov/gophkeeper/internal/server/storage/fs/attachment_storage.go:121.10,121.10 0 1
github.com/NailUsmanov/gophkeeper/internal/server/storage/fs/attachment_storage.go:124.2,126.40 2 1
github.com/NailUsmanov/gophkeeper/internal/server/storage/fs/attachment_storage.go:126.40,127.25 1 1
github.com/NailUsmanov/gophkeeper/internal/server/storage/fs/attachment_storage.go:127.25,129.4 1 1
github.com/NailUsmanov/gophkeeper/internal/server/storage/fs/attachment_storage.go:130.3,130.44 1 0
github.com/NailUsmanov/gophkeeper/internal/server/storage/fs/attachment_storage.go:133.2,134.12 2 1
github.com/NailUsmanov/gophkeeper/internal/server/storage/fs/attachment_storage.go:138.61,139.34 1 1
github.com/NailUsmanov/gophkeeper/internal/server/storage/fs/attachment_storage.go:139.34,141.3 1 0
github.com/NailUsmanov/gophkeeper/internal/server/storage/fs/attachment_storage.go:142.2,142.46 1 1
github.com/NailUsmanov/gophkeeper/internal/server/storage/fs/attachment_storage.go:142.46,144.3 1 1
github.com/NailUsmanov/gophkeeper/internal/server/storage/fs/attachment_storage.go:145.2,145.12 1 1
github.com/NailUsmanov/gophkeeper/internal/server/storage/postgres/attachment/attachment_repo.go:24.73,26.2 1 1
github.com/NailUsmanov/gophkeeper/internal/server/storage/postgres/attachment/attachment_repo.go:29.95,40.16 2 1
github.com/NailUsmanov/gophkeeper/internal/server/storage/postgres/attachment/attachment_repo.go:40.16,41.45 1 1
github.com/NailUsmanov/gophkeeper/internal/server/storage/postgres/attachment/attachment_repo.go:41.45,42.22 1 1
github.com/NailUsmanov/gophkeeper/internal/server/storage/postgres/attachment/attachment_repo.go:43.35,44.65 1 1
github.com/NailUsmanov/gophkeeper/internal/server/storage/postgres/attachment/attachment_repo.go:45.34,46.72 1 0
github.com/NailUsmanov/gophkeeper/internal/server/storage/postgres/attachment/attachment_repo.go:47.39,48.69 1 0
github.com/NailUsmanov/gophkeeper/internal/server/storage/postgres/attachment/attachment_repo.go:51.3,51.67 1 0
github.com/NailUsmanov/gophkeeper/internal/server/storage/postgres/attachment/attachment_repo.go:54.2,54.28 1 1
github.com/NailUsmanov/gophkeeper/internal/server/storage/postgres/attachment/attachment_repo.go:54.28,56.3 1 1
github.com/NailUsmanov/gophkeeper/internal/server/storage/postgres/attachment/attachment_repo.go:57.2,57.12 1 1
github.com/NailUsmanov/gophkeeper/internal/server/storage/postgres/attachment/attachment_repo.go:62.114,75.16 3 1
github.com/NailUsmanov/gophkeeper/internal/server/storage/postgres/attachment/attachment_repo.go:75.16,76.36 1 1
github.com/NailUsmanov/gophkeeper/internal/server/storage/postgres/attachment/attachment_repo.go:76.36,78.4 1 1
github.com/NailUsmanov/gophkeeper/internal/server/storage/postgres/attachment/attachment_repo.go:79.3,79.72 1 0
github.com/NailUsmanov/gophkeeper/internal/server/storage/postgres/attachment/attachment_repo.go:81.2,83.19 2 1
github.com/NailUsmanov/gophkeeper/internal/server/storage/postgres/attachment/attachment_repo.go:87.87,91.16 2 1
github.com/NailUsmanov/gophkeeper/internal/server/storage/postgres/attachment/attachment_repo.go:91.16,93.3 1 0
github.com/NailUsmanov/gophkeeper/internal/server/storage/postgres/attachment/attachment_repo.go:95.2,95.28 1 1
github.com/NailUsmanov/gophkeeper/internal/server/storage/postgres/attachment/attachment_repo.go:95.28,97.3 1 1
github.com/NailUsmanov/gophkeeper/internal/server/storage/postgres/attachment/attachment_repo.go:98.2,98.12 1 1
github.com/NailUsmanov/gophkeeper/internal/server/storage/postgres/attachment/attachment_repo.go:102.141,106.16 2 1
github.com/NailUsmanov/gophkeeper/internal/server/storage/postgres/attachment/attachment_repo.go:106.16,108.3 1 0
github.com/NailUsmanov/gophkeeper/internal/server/storage/postgres/attachment/attachment_repo.go:110.2,111.16 2 1
github.com/NailUsmanov/gophkeeper/internal/server/storage/postgres/attachment/attachment_repo.go:111.16,113.3 1 0
github.com/NailUsmanov/gophkeeper/internal/server/storage/postgres/attachment/attachment_repo.go:114.2,118.18 4 1
github.com/NailUsmanov/gophkeeper/internal/server/storage/postgres/attachment/attachment_repo.go:118.18,128.17 2 1
github.com/NailUsmanov/gophkeeper/internal/server/storage/postgres/attachment/attachment_repo.go:128.17,130.4 1 0
github.com/NailUsmanov/gophkeeper/internal/server/storage/postgres/attachment/attachment_repo.go:131.3,132.29 2 1
github.com/NailUsmanov/gophkeeper/internal/server/storage/postgres/attachment/attachment_repo.go:134.2,134.35 1 1
github.com/NailUsmanov/gophkeeper/internal/server/storage/postgres/attachment/attachment_repo.go:134.35,136.3 1 0
github.com/NailUsmanov/gophkeeper/internal/server/storage/postgres/attachment/attachment_repo.go:137.2,137.27 1 1
github.com/NailUsmanov/gophkeeper/internal/server/storage/postgres/attachment/attachment_repo.go:140.108,142.102 2 1
github.com/NailUsmanov/gophkeeper/internal/server/storage/postgres/attachment/attachment_repo.go:142.102,144.3 1 0
github.com/NailUsmanov/gophkeeper/internal/server/storage/postgres/attachment/attachment_repo.go:145.2,145.15 1 1
github.com/NailUsmanov/gophkeeper/internal/server/storage/postgres/attachment/attachment_repo.go:150.64,152.34 1 1
github.com/NailUsmanov/gophkeeper/internal/server/storage/postgres/attachment/attachment_repo.go:152.34,154.3 1 1
github.com/NailUsmanov/gophkeeper/internal/server/storage/postgres/attachment/attachment_repo.go:157.2,157.39 1 1
github.com/NailUsmanov/gophkeeper/internal/server/storage/postgres/attachment/attachment_repo.go:157.39,159.3 1 0
github.com/NailUsmanov/gophkeeper/internal/server/storage/postgres/attachment/attachment_repo.go:161.2,161.12 1 1
github.com/NailUsmanov/gophkeeper/internal/server/storage/postgres/auth/auth_repo.go:25.61,27.2 1 1
github.com/NailUsmanov/gophkeeper/internal/server/storage/postgres/auth/auth_repo.go:31.76,33.57 1 1
github.com/NailUsmanov/gophkeeper/internal/server/storage/postgres/auth/auth_repo.go:33.57,35.3 1 1
github.com/NailUsmanov/gophkeeper/internal/server/storage/postgres/auth/auth_repo.go:36.2,42.16 3 1
github.com/NailUsmanov/gophkeeper/internal/server/storage/postgres/auth/auth_repo.go:42.16,46.88 1 1
github.com/NailUsmanov/gophkeeper/internal/server/storage/postgres/auth/auth_repo.go:46.88,47.32 1 1
github.com/NailUsmanov/gophkeeper/internal/server/storage/postgres/auth/auth_repo.go:48.26,49.73 1 1
github.com/NailUsmanov/gophkeeper/internal/server/storage/postgres/auth/auth_repo.go:50.22,51.65 1 1
github.com/NailUsmanov/gophkeeper/internal/server/storage/postgres/auth/auth_repo.go:52.12,53.35 1 1
github.com/NailUsmanov/gophkeeper/internal/server/storage/postgres/auth/auth_repo.go:56.3,56.67 1 1
github.com/NailUsmanov/gophkeeper/internal/server/storage/postgres/auth/auth_repo.go:59.2,59.28 1 1
github.com/NailUsmanov/gophkeeper/internal/server/storage/postgres/auth/auth_repo.go:59.28,61.3 1 1
github.com/NailUsmanov/gophkeeper/internal/server/storage/postgres/auth/auth_repo.go:62.2,62.12 1 1
github.com/NailUsmanov/gophkeeper/internal/server/storage/postgres/auth/auth_repo.go:66.99,76.16 4 1
github.com/NailUsmanov/gophkeeper/internal/server/storage/postgres/auth/auth_repo.go:76.16,77.36 1 1
github.com/NailUsmanov/gophkeeper/internal/server/storage/postgres/auth/auth_repo.go:77.36,79.4 1 1
github.com/NailUsmanov/gophkeeper/internal/server/storage/postgres/auth/auth_repo.go:80.3,80.72 1 1
github.com/NailUsmanov/gophkeeper/internal/server/storage/postgres/auth/auth_repo.go:83.2,89.19 2 1
github.com/NailUsmanov/gophkeeper/internal/server/storage/postgres/auth/auth_repo.go:93.97,101.16 3 1
github.com/NailUsmanov/gophkeeper/internal/server/storage/postgres/auth/auth_repo.go:101.16,102.36 1 1
github.com/NailUsmanov/gophkeeper/internal/server/storage/postgres/auth/auth_repo.go:102.36,104.4 1 1
github.com/NailUsmanov/gophkeeper/internal/server/storage/postgres/auth/auth_repo.go:105.3,105.72 1 1
github.com/NailUsmanov/gophkeeper/internal/server/storage/postgres/auth/auth_repo.go:108.2,114.19 2 1
github.com/NailUsmanov/gophkeeper/internal/server/storage/postgres/secret/secret_repo.go:28.53,32.2 1 1
github.com/NailUsmanov/gophkeeper/internal/server/storage/postgres/secret/secret_repo.go:35.74,38.16 2 1
github.com/NailUsmanov/gophkeeper/internal/server/storage/postgres/secret/secret_repo.go:38.16,40.3 1 1
github.com/NailUsmanov/gophkeeper/internal/server/storage/postgres/secret/secret_repo.go:42.2,52.16 2 1
github.com/NailUsmanov/gophkeeper/internal/server/storage/postgres/secret/secret_repo.go:52.16,56.88 1 1
github.com/NailUsmanov/gophkeeper/internal/server/storage/postgres/secret/secret_repo.go:56.88,58.4 1 1
github.com/NailUsmanov/gophkeeper/internal/server/storage/postgres/secret/secret_repo.go:59.3,59.67 1 1
github.com/NailUsmanov/gophkeeper/internal/server/storage/postgres/secret/secret_repo.go:62.2,62.28 1 1
github.com/NailUsmanov/gophkeeper/internal/server/storage/postgres/secret/secret_repo.go:62.28,64.3 1 1
github.com/NailUsmanov/gophkeeper/internal/server/storage/postgres/secret/secret_repo.go:66.2,66.12 1 1
github.com/NailUsmanov/gophkeeper/internal/server/storage/postgres/secret/secret_repo.go:71.101,84.16 3 1
github.com/NailUsmanov/gophkeeper/internal/server/storage/postgres/secret/secret_repo.go:84.16,85.36 1 1
github.com/NailUsmanov/gophkeeper/internal/server/storage/postgres/secret/secret_repo.go:85.36,87.4 1 1
github.com/NailUsmanov/gophkeeper/internal/server/storage/postgres/secret/secret_repo.go:88.3,88.72 1 1
github.com/NailUsmanov/gophkeeper/internal/server/storage/postgres/secret/secret_repo.go:91.2,92.24 2 1
github.com/NailUsmanov/gophkeeper/internal/server/storage/postgres/secret/secret_repo.go:92.24,93.60 1 1
github.com/NailUsmanov/gophkeeper/internal/server/storage/postgres/secret/secret_repo.go:93.60,95.4 1 1
github.com/NailUsmanov/gophkeeper/internal/server/storage/postgres/secret/secret_repo.go:98.2,109.15 2 1
github.com/NailUsmanov/gophkeeper/internal/server/storage/postgres/secret/secret_repo.go:113.146,120.24 4 1
github.com/NailUsmanov/gophkeeper/internal/server/storage/postgres/secret/secret_repo.go:120.24,124.3 3 1
github.com/NailUsmanov/gophkeeper/internal/server/storage/postgres/secret/secret_repo.go:126.2,126.32 1 1
github.com/NailUsmanov/gophkeeper/internal/server/storage/postgres/secret/secret_repo.go:126.32,130.3 3 1
github.com/NailUsmanov/gophkeeper/internal/server/storage/postgres/secret/secret_repo.go:133.2,139.16 4 1
github.com/NailUsmanov/gophkeeper/internal/server/storage/postgres/secret/secret_repo.go:139.16,141.3 1 1
github.com/NailUsmanov/gophkeeper/internal/server/storage/postgres/secret/secret_repo.go:142.2,146.18 3 1
github.com/NailUsmanov/gophkeeper/internal/server/storage/postgres/secret/secret_repo.go:146.18,155.102 2 1
github.com/NailUsmanov/gophkeeper/internal/server/storage/postgres/secret/secret_repo.go:155.102,157.4 1 1
github.com/NailUsmanov/gophkeeper/internal/server/storage/postgres/secret/secret_repo.go:158.3,159.25 2 1
github.com/NailUsmanov/gophkeeper/internal/server/storage/postgres/secret/secret_repo.go:159.25,160.61 1 1
github.com/NailUsmanov/gophkeeper/internal/server/storage/postgres/secret/secret_repo.go:160.61,162.5 1 1
github.com/NailUsmanov/gophkeeper/internal/server/storage/postgres/secret/secret_repo.go:165.3,175.5 1 1
github.com/NailUsmanov/gophkeeper/internal/server/storage/postgres/secret/secret_repo.go:178.2,178.35 1 1
github.com/NailUsmanov/gophkeeper/internal/server/storage/postgres/secret/secret_repo.go:178.35,180.3 1 0
github.com/NailUsmanov/gophkeeper/internal/server/storage/postgres/secret/secret_repo.go:182.2,183.16 2 1
github.com/NailUsmanov/gophkeeper/internal/server/storage/postgres/secret/secret_repo.go:183.16,185.3 1 1
github.com/NailUsmanov/gophkeeper/internal/server/storage/postgres/secret/secret_repo.go:186.2,186.26 1 1
github.com/NailUsmanov/gophkeeper/internal/server/storage/postgres/secret/secret_repo.go:190.116,194.24 4 1
github.com/NailUsmanov/gophkeeper/internal/server/storage/postgres/secret/secret_repo.go:194.24,198.3 3 1
github.com/NailUsmanov/gophkeeper/internal/server/storage/postgres/secret/secret_repo.go:199.2,199.32 1 1
github.com/NailUsmanov/gophkeeper/internal/server/storage/postgres/secret/secret_repo.go:199.32,203.3 3 1
github.com/NailUsmanov/gophkeeper/internal/server/storage/postgres/secret/secret_repo.go:205.2,206.67 2 1
github.com/NailUsmanov/gophkeeper/internal/server/storage/postgres/secret/secret_repo.go:206.67,208.3 1 1
github.com/NailUsmanov/gophkeeper/internal/server/storage/postgres/secret/secret_repo.go:209.2,209.15 1 1
github.com/NailUsmanov/gophkeeper/internal/server/storage/postgres/secret/secret_repo.go:213.90,216.16 2 1
github.com/NailUsmanov/gophkeeper/internal/server/storage/postgres/secret/secret_repo.go:216.16,218.3 1 1
github.com/NailUsmanov/gophkeeper/internal/server/storage/postgres/secret/secret_repo.go:220.2,228.16 2 1
github.com/NailUsmanov/gophkeeper/internal/server/storage/postgres/secret/secret_repo.go:228.16,230.3 1 1
github.com/NailUsmanov/gophkeeper/internal/server/storage/postgres/secret/secret_repo.go:232.2,232.28 1 1
github.com/NailUsmanov/gophkeeper/internal/server/storage/postgres/secret/secret_repo.go:232.28,234.3 1 1
github.com/NailUsmanov/gophkeeper/internal/server/storage/postgres/secret/secret_repo.go:235.2,235.12 1 1
github.com/NailUsmanov/gophkeeper/internal/server/storage/session/memory/store.go:29.24,31.2 1 1
github.com/NailUsmanov/gophkeeper/internal/server/storage/session/memory/store.go:40.94,45.2 4 1
github.com/NailUsmanov/gophkeeper/internal/server/storage/session/memory/store.go:55.89,59.9 4 1
github.com/NailUsmanov/gophkeeper/internal/server/storage/session/memory/store.go:59.9,61.3 1 1
github.com/NailUsmanov/gophkeeper/internal/server/storage/session/memory/store.go:62.2,62.52 1 1
github.com/NailUsmanov/gophkeeper/internal/server/storage/session/memory/store.go:67.65,70.9 3 1
github.com/NailUsmanov/gophkeeper/internal/server/storage/session/memory/store.go:70.9,73.3 2 1
github.com/NailUsmanov/gophkeeper/internal/server/storage/session/memory/store.go:74.2,77.12 4 1
github.com/NailUsmanov/gophkeeper/internal/server/transport/http/errors.go:24.51,27.26 2 1
github.com/NailUsmanov/gophkeeper/internal/server/transport/http/errors.go:27.26,30.3 2 1
github.com/NailUsmanov/gophkeeper/internal/server/transport/http/errors.go:33.2,33.9 1 1
github.com/NailUsmanov/gophkeeper/internal/server/transport/http/errors.go:34.50,36.9 2 1
github.com/NailUsmanov/gophkeeper/internal/server/transport/http/errors.go:37.46,39.9 2 1
github.com/NailUsmanov/gophkeeper/internal/server/transport/http/errors.go:40.51,42.9 2 1
github.com/NailUsmanov/gophkeeper/internal/server/transport/http/errors.go:43.50,45.9 2 1
github.com/NailUsmanov/gophkeeper/internal/server/transport/http/errors.go:46.46,47.44 1 1
github.com/NailUsmanov/gophkeeper/internal/server/transport/http/errors.go:48.47,49.45 1 1
github.com/NailUsmanov/gophkeeper/internal/server/transport/http/errors.go:53.2,53.43 1 1
github.com/NailUsmanov/gophkeeper/internal/server/transport/http/errors.go:62.65,64.17 2 1
github.com/NailUsmanov/gophkeeper/internal/server/transport/http/errors.go:64.17,66.3 1 1
github.com/NailUsmanov/gophkeeper/internal/server/transport/http/errors.go:68.2,78.48 4 1
github.com/NailUsmanov/gophkeeper/internal/server/transport/http/errors.go:78.48,82.3 3 1
github.com/NailUsmanov/gophkeeper/internal/server/transport/http/errors.go:84.2,84.95 1 1
github.com/NailUsmanov/gophkeeper/pkg/config/config.go:19.35,22.40 2 1
github.com/NailUsmanov/gophkeeper/pkg/config/config.go:22.40,24.3 1 1
github.com/NailUsmanov/gophkeeper/pkg/config/config.go:25.2,25.18 1 1
